******************************************************************************
             TMS320C2000 Linker PC v22.6.0                     
******************************************************************************
>> Linked Wed Dec  4 18:43:29 2024

OUTPUT FILE NAME:   <../Z_CL1.out>
ENTRY POINT SYMBOL: "_c_int00"  address: 00009335


MEMORY CONFIGURATION

         name            origin    length      used     unused   attr    fill
----------------------  --------  ---------  --------  --------  ----  --------
PAGE 0:
  BEGINRAM              00000000   00000002  00000002  00000000  RWIX
  RAMM0                 00000002   000003fe  00000000  000003fe  RWIX
  RAMLPRG               00008000   00005000  000015f3  00003a0d  RWIX
  ZONE7P                00200000   00010000  00000000  00010000  RWIX
  FLASH                 00300000   0003fff6  00000000  0003fff6  RWIX
  BEGINFLASH            0033fff6   00000002  00000000  00000002  RWIX
  ADC_CAL               00380080   00000009  00000007  00000002  RWIX
  OTP                   00380400   00000400  00000000  00000400  RWIX
  CSM_PWL               003f7ff8   00000008  00000000  00000008  RWIX
  IQTABLES              003fe000   00000b50  00000000  00000b50  RWIX
  IQTABLES2             003feb50   0000008c  00000000  0000008c  RWIX
  FPUTABLES             003febdc   000006a0  00000000  000006a0  RWIX
  ROM                   003ff27c   00000d44  00000000  00000d44  RWIX
  RESET                 003fffc0   00000002  00000000  00000002  RWIX
  VECTORS               003fffc2   0000003e  00000000  0000003e  RWIX

PAGE 1:
  RAMM1                 00000400   00000400  00000041  000003bf  RWIX
  DEV_EMU               00000880   00000180  000000d0  000000b0  RWIX
  FLASH_REGS            00000a80   00000060  00000008  00000058  RWIX
  CSM                   00000ae0   00000010  00000010  00000000  RWIX
  ADC_MIRROR            00000b00   00000010  00000010  00000000  RWIX
  XINTF                 00000b20   00000020  0000001e  00000002  RWIX
  CPU_TIMER0            00000c00   00000008  00000008  00000000  RWIX
  CPU_TIMER1            00000c08   00000008  00000008  00000000  RWIX
  CPU_TIMER2            00000c10   00000008  00000008  00000000  RWIX
  PIE_CTRL              00000ce0   00000020  0000001a  00000006  RWIX
  PIE_VECT              00000d00   00000100  00000100  00000000  RWIX
  DMA                   00001000   00000200  000000e0  00000120  RWIX
  MCBSPA                00005000   00000040  00000025  0000001b  RWIX
  MCBSPB                00005040   00000040  00000025  0000001b  RWIX
  ECANA                 00006000   00000040  00000034  0000000c  RWIX
  ECANA_LAM             00006040   00000040  00000040  00000000  RWIX
  ECANA_MOTS            00006080   00000040  00000040  00000000  RWIX
  ECANA_MOTO            000060c0   00000040  00000040  00000000  RWIX
  ECANA_MBOX            00006100   00000100  00000100  00000000  RWIX
  ECANB                 00006200   00000040  00000034  0000000c  RWIX
  ECANB_LAM             00006240   00000040  00000040  00000000  RWIX
  ECANB_MOTS            00006280   00000040  00000040  00000000  RWIX
  ECANB_MOTO            000062c0   00000040  00000040  00000000  RWIX
  ECANB_MBOX            00006300   00000100  00000100  00000000  RWIX
  EPWM1                 00006800   00000022  00000022  00000000  RWIX
  EPWM2                 00006840   00000022  00000022  00000000  RWIX
  EPWM3                 00006880   00000022  00000022  00000000  RWIX
  EPWM4                 000068c0   00000022  00000022  00000000  RWIX
  EPWM5                 00006900   00000022  00000022  00000000  RWIX
  EPWM6                 00006940   00000022  00000022  00000000  RWIX
  ECAP1                 00006a00   00000020  00000020  00000000  RWIX
  ECAP2                 00006a20   00000020  00000020  00000000  RWIX
  ECAP3                 00006a40   00000020  00000020  00000000  RWIX
  ECAP4                 00006a60   00000020  00000020  00000000  RWIX
  ECAP5                 00006a80   00000020  00000020  00000000  RWIX
  ECAP6                 00006aa0   00000020  00000020  00000000  RWIX
  EQEP1                 00006b00   00000040  00000040  00000000  RWIX
  EQEP2                 00006b40   00000040  00000040  00000000  RWIX
  GPIOCTRL              00006f80   00000040  0000002e  00000012  RWIX
  GPIODAT               00006fc0   00000020  00000020  00000000  RWIX
  GPIOINT               00006fe0   00000020  0000000a  00000016  RWIX
  SYSTEM                00007010   00000020  00000020  00000000  RWIX
  SPIA                  00007040   00000010  00000010  00000000  RWIX
  SCIA                  00007050   00000010  00000010  00000000  RWIX
  XINTRUPT              00007070   00000010  00000010  00000000  RWIX
  ADC                   00007100   00000020  0000001e  00000002  RWIX
  SCIB                  00007750   00000010  00000010  00000000  RWIX
  SCIC                  00007770   00000010  00000010  00000000  RWIX
  I2CA                  00007900   00000040  00000022  0000001e  RWIX
  RAMLDATA              0000d000   00003000  000001fc  00002e04  RWIX
  ZONE7D                00210000   00010000  00000000  00010000  RWIX
  CSM_PWL               0033fff8   00000008  00000008  00000000  RWIX


SECTION ALLOCATION MAP

 output                                  attributes/
section   page    origin      length       input sections
--------  ----  ----------  ----------   ----------------
.text      0    00008095    0000155e     
                  00008095    00000661     MW_c2000ISR.obj (.text)
                  000086f6    00000400     Z_CL1.obj (.text:retain)
                  00008af6    00000316     DSP2833x_DefaultIsr.obj (.text:retain)
                  00008e0c    00000128     Z_CL1.obj (.text)
                  00008f34    000000f7     DSP2833x_SysCtrl.obj (.text)
                  0000902b    000000cf     rts2800_fpu32.lib : e_fmodf.c.obj (.text)
                  000090fa    00000092     rt_nonfinite.obj (.text)
                  0000918c    00000084     MW_c28xx_board.obj (.text)
                  00009210    00000074     DSP2833x_CpuTimers.obj (.text)
                  00009284    00000059     rts2800_fpu32.lib : s_floorf.c.obj (.text)
                  000092dd    00000058     c2833xSchedulerTimer0.obj (.text)
                  00009335    00000056     rts2800_fpu32.lib : boot28.asm.obj (.text)
                  0000938b    00000050     ert_main.obj (.text)
                  000093db    00000044     c2833xSchedulerTimer0.obj (.text:retain)
                  0000941f    00000044     rtGetInf.obj (.text)
                  00009463    00000035     MW_c28xx_adc.obj (.text)
                  00009498    0000002a     rtGetNaN.obj (.text)
                  000094c2    00000029     rts2800_fpu32.lib : exit.c.obj (.text)
                  000094eb    00000028     DSP2833x_PieCtrl.obj (.text)
                  00009513    00000024     rts2800_fpu32.lib : cpy_tbl.c.obj (.text)
                  00009537    00000020     DSP2833x_PieVect.obj (.text)
                  00009557    0000001d     rts2800_fpu32.lib : memcpy.c.obj (.text)
                  00009574    00000019     rts2800_fpu32_fast_supplement_coff.lib : div_f32.obj (.text)
                  0000958d    00000017     MW_c28xx_pwm.obj (.text)
                  000095a4    00000014     DSP2833x_Adc.obj (.text)
                  000095b8    00000014     MW_c28xGlobalInterrupts.obj (.text)
                  000095cc    00000012     rts2800_fpu32.lib : args_main.c.obj (.text)
                  000095de    00000009                       : _lock.c.obj (.text)
                  000095e7    00000008     DSP2833x_CodeStartBranch.obj (.text)
                  000095ef    00000002     rts2800_fpu32.lib : pre_init.c.obj (.text)
                  000095f1    00000001     c2833xBoard_Realtime_Support.obj (.text)
                  000095f2    00000001     rts2800_fpu32.lib : startup.c.obj (.text)

DevEmuRegsFile 
*          1    00000880    000000d0     UNINITIALIZED
                  00000880    000000d0     DSP2833x_GlobalVariableDefs.obj (DevEmuRegsFile)

FlashRegsFile 
*          1    00000a80    00000008     UNINITIALIZED
                  00000a80    00000008     DSP2833x_GlobalVariableDefs.obj (FlashRegsFile)

CsmRegsFile 
*          1    00000ae0    00000010     UNINITIALIZED
                  00000ae0    00000010     DSP2833x_GlobalVariableDefs.obj (CsmRegsFile)

AdcMirrorFile 
*          1    00000b00    00000010     UNINITIALIZED
                  00000b00    00000010     DSP2833x_GlobalVariableDefs.obj (AdcMirrorFile)

XintfRegsFile 
*          1    00000b20    0000001e     UNINITIALIZED
                  00000b20    0000001e     DSP2833x_GlobalVariableDefs.obj (XintfRegsFile)

CpuTimer0RegsFile 
*          1    00000c00    00000008     UNINITIALIZED
                  00000c00    00000008     DSP2833x_GlobalVariableDefs.obj (CpuTimer0RegsFile)

CpuTimer1RegsFile 
*          1    00000c08    00000008     UNINITIALIZED
                  00000c08    00000008     DSP2833x_GlobalVariableDefs.obj (CpuTimer1RegsFile)

CpuTimer2RegsFile 
*          1    00000c10    00000008     UNINITIALIZED
                  00000c10    00000008     DSP2833x_GlobalVariableDefs.obj (CpuTimer2RegsFile)

PieCtrlRegsFile 
*          1    00000ce0    0000001a     UNINITIALIZED
                  00000ce0    0000001a     DSP2833x_GlobalVariableDefs.obj (PieCtrlRegsFile)

PieVectTableFile 
*          1    00000d00    00000100     UNINITIALIZED
                  00000d00    00000100     DSP2833x_GlobalVariableDefs.obj (PieVectTableFile)

DmaRegsFile 
*          1    00001000    000000e0     UNINITIALIZED
                  00001000    000000e0     DSP2833x_GlobalVariableDefs.obj (DmaRegsFile)

McbspaRegsFile 
*          1    00005000    00000025     UNINITIALIZED
                  00005000    00000025     DSP2833x_GlobalVariableDefs.obj (McbspaRegsFile)

McbspbRegsFile 
*          1    00005040    00000025     UNINITIALIZED
                  00005040    00000025     DSP2833x_GlobalVariableDefs.obj (McbspbRegsFile)

ECanaRegsFile 
*          1    00006000    00000034     UNINITIALIZED
                  00006000    00000034     DSP2833x_GlobalVariableDefs.obj (ECanaRegsFile)

ECanaLAMRegsFile 
*          1    00006040    00000040     UNINITIALIZED
                  00006040    00000040     DSP2833x_GlobalVariableDefs.obj (ECanaLAMRegsFile)

ECanaMOTSRegsFile 
*          1    00006080    00000040     UNINITIALIZED
                  00006080    00000040     DSP2833x_GlobalVariableDefs.obj (ECanaMOTSRegsFile)

ECanaMOTORegsFile 
*          1    000060c0    00000040     UNINITIALIZED
                  000060c0    00000040     DSP2833x_GlobalVariableDefs.obj (ECanaMOTORegsFile)

ECanaMboxesFile 
*          1    00006100    00000100     UNINITIALIZED
                  00006100    00000100     DSP2833x_GlobalVariableDefs.obj (ECanaMboxesFile)

ECanbRegsFile 
*          1    00006200    00000034     UNINITIALIZED
                  00006200    00000034     DSP2833x_GlobalVariableDefs.obj (ECanbRegsFile)

ECanbLAMRegsFile 
*          1    00006240    00000040     UNINITIALIZED
                  00006240    00000040     DSP2833x_GlobalVariableDefs.obj (ECanbLAMRegsFile)

ECanbMOTSRegsFile 
*          1    00006280    00000040     UNINITIALIZED
                  00006280    00000040     DSP2833x_GlobalVariableDefs.obj (ECanbMOTSRegsFile)

ECanbMOTORegsFile 
*          1    000062c0    00000040     UNINITIALIZED
                  000062c0    00000040     DSP2833x_GlobalVariableDefs.obj (ECanbMOTORegsFile)

ECanbMboxesFile 
*          1    00006300    00000100     UNINITIALIZED
                  00006300    00000100     DSP2833x_GlobalVariableDefs.obj (ECanbMboxesFile)

EPwm1RegsFile 
*          1    00006800    00000022     UNINITIALIZED
                  00006800    00000022     DSP2833x_GlobalVariableDefs.obj (EPwm1RegsFile)

EPwm2RegsFile 
*          1    00006840    00000022     UNINITIALIZED
                  00006840    00000022     DSP2833x_GlobalVariableDefs.obj (EPwm2RegsFile)

EPwm3RegsFile 
*          1    00006880    00000022     UNINITIALIZED
                  00006880    00000022     DSP2833x_GlobalVariableDefs.obj (EPwm3RegsFile)

EPwm4RegsFile 
*          1    000068c0    00000022     UNINITIALIZED
                  000068c0    00000022     DSP2833x_GlobalVariableDefs.obj (EPwm4RegsFile)

EPwm5RegsFile 
*          1    00006900    00000022     UNINITIALIZED
                  00006900    00000022     DSP2833x_GlobalVariableDefs.obj (EPwm5RegsFile)

EPwm6RegsFile 
*          1    00006940    00000022     UNINITIALIZED
                  00006940    00000022     DSP2833x_GlobalVariableDefs.obj (EPwm6RegsFile)

ECap1RegsFile 
*          1    00006a00    00000020     UNINITIALIZED
                  00006a00    00000020     DSP2833x_GlobalVariableDefs.obj (ECap1RegsFile)

ECap2RegsFile 
*          1    00006a20    00000020     UNINITIALIZED
                  00006a20    00000020     DSP2833x_GlobalVariableDefs.obj (ECap2RegsFile)

ECap3RegsFile 
*          1    00006a40    00000020     UNINITIALIZED
                  00006a40    00000020     DSP2833x_GlobalVariableDefs.obj (ECap3RegsFile)

ECap4RegsFile 
*          1    00006a60    00000020     UNINITIALIZED
                  00006a60    00000020     DSP2833x_GlobalVariableDefs.obj (ECap4RegsFile)

ECap5RegsFile 
*          1    00006a80    00000020     UNINITIALIZED
                  00006a80    00000020     DSP2833x_GlobalVariableDefs.obj (ECap5RegsFile)

ECap6RegsFile 
*          1    00006aa0    00000020     UNINITIALIZED
                  00006aa0    00000020     DSP2833x_GlobalVariableDefs.obj (ECap6RegsFile)

EQep1RegsFile 
*          1    00006b00    00000040     UNINITIALIZED
                  00006b00    00000040     DSP2833x_GlobalVariableDefs.obj (EQep1RegsFile)

EQep2RegsFile 
*          1    00006b40    00000040     UNINITIALIZED
                  00006b40    00000040     DSP2833x_GlobalVariableDefs.obj (EQep2RegsFile)

GpioCtrlRegsFile 
*          1    00006f80    0000002e     UNINITIALIZED
                  00006f80    0000002e     DSP2833x_GlobalVariableDefs.obj (GpioCtrlRegsFile)

GpioDataRegsFile 
*          1    00006fc0    00000020     UNINITIALIZED
                  00006fc0    00000020     DSP2833x_GlobalVariableDefs.obj (GpioDataRegsFile)

GpioIntRegsFile 
*          1    00006fe0    0000000a     UNINITIALIZED
                  00006fe0    0000000a     DSP2833x_GlobalVariableDefs.obj (GpioIntRegsFile)

SysCtrlRegsFile 
*          1    00007010    00000020     UNINITIALIZED
                  00007010    00000020     DSP2833x_GlobalVariableDefs.obj (SysCtrlRegsFile)

SpiaRegsFile 
*          1    00007040    00000010     UNINITIALIZED
                  00007040    00000010     DSP2833x_GlobalVariableDefs.obj (SpiaRegsFile)

SciaRegsFile 
*          1    00007050    00000010     UNINITIALIZED
                  00007050    00000010     DSP2833x_GlobalVariableDefs.obj (SciaRegsFile)

XIntruptRegsFile 
*          1    00007070    00000010     UNINITIALIZED
                  00007070    00000010     DSP2833x_GlobalVariableDefs.obj (XIntruptRegsFile)

AdcRegsFile 
*          1    00007100    0000001e     UNINITIALIZED
                  00007100    0000001e     DSP2833x_GlobalVariableDefs.obj (AdcRegsFile)

ScibRegsFile 
*          1    00007750    00000010     UNINITIALIZED
                  00007750    00000010     DSP2833x_GlobalVariableDefs.obj (ScibRegsFile)

ScicRegsFile 
*          1    00007770    00000010     UNINITIALIZED
                  00007770    00000010     DSP2833x_GlobalVariableDefs.obj (ScicRegsFile)

I2caRegsFile 
*          1    00007900    00000022     UNINITIALIZED
                  00007900    00000022     DSP2833x_GlobalVariableDefs.obj (I2caRegsFile)

CsmPwlFile 
*          1    0033fff8    00000008     UNINITIALIZED
                  0033fff8    00000008     DSP2833x_GlobalVariableDefs.obj (CsmPwlFile)

.bss       1    0000d000    00000000     UNINITIALIZED

.ebss      1    0000d10c    000000f0     UNINITIALIZED
                  0000d10c    00000018     DSP2833x_CpuTimers.obj (.ebss)
                  0000d124    0000000c     rt_nonfinite.obj (.ebss)
                  0000d130    00000006     rts2800_fpu32.lib : exit.c.obj (.ebss)
                  0000d136    00000003     ert_main.obj (.ebss)
                  0000d139    00000001     MW_c28xGPIO.obj (.ebss)
                  0000d13a    00000002     rts2800_fpu32.lib : _lock.c.obj (.ebss:__lock)
                  0000d13c    00000002                       : _lock.c.obj (.ebss:__unlock)
                  0000d13e    00000001     MW_c28xGlobalInterrupts.obj (.ebss)
                  0000d13f    00000001     --HOLE--
                  0000d140    00000064     Z_CL1_data.obj (.ebss)
                  0000d1a4    0000001c     --HOLE--
                  0000d1c0    0000003c     Z_CL1.obj (.ebss)

.cinit     0    00008000    00000091     
                  00008000    00000067     Z_CL1_data.obj (.cinit)
                  00008067    0000000e     rts2800_fpu32.lib : exit.c.obj (.cinit)
                  00008075    00000005                       : _lock.c.obj (.cinit:__lock)
                  0000807a    00000005                       : _lock.c.obj (.cinit:__unlock)
                  0000807f    00000004     MW_c28xGPIO.obj (.cinit)
                  00008083    00000004     MW_c28xGlobalInterrupts.obj (.cinit)
                  00008087    00000004     Z_CL1.obj (.cinit)
                  0000808b    00000004     ert_main.obj (.cinit)
                  0000808f    00000002     --HOLE-- [fill = 0]

.pinit     0    00008000    00000000     UNINITIALIZED

.econst    1    0000d000    0000010c     
                  0000d000    00000100     DSP2833x_PieVect.obj (.econst:_PieVectTableInit)
                  0000d100    00000004     rts2800_fpu32.lib : e_fmodf.c.obj (.econst:_Zero)
                  0000d104    00000002     Z_CL1.obj (.econst)
                  0000d106    00000002     rtGetNaN.obj (.econst:_$P$T0$1)
                  0000d108    00000002     rts2800_fpu32.lib : e_fmodf.c.obj (.econst)
                  0000d10a    00000002                       : s_floorf.c.obj (.econst)

.reset     0    003fffc0    00000002     DSECT
                  003fffc0    00000002     rts2800_fpu32.lib : boot28.asm.obj (.reset)

.data      1    0000d000    00000000     UNINITIALIZED

.stack     1    00000400    00000040     UNINITIALIZED
                  00000400    00000040     --HOLE--

codestart 
*          0    00000000    00000002     
                  00000000    00000002     DSP2833x_CodeStartBranch.obj (codestart)

.TI.ramfunc 
*          0    00008091    00000004     
                  00008091    00000004     DSP2833x_usDelay.obj (.TI.ramfunc)

.adc_cal   0    00380080    00000007     NOLOAD SECTION
                  00380080    00000007     DSP2833x_ADC_cal.obj (.adc_cal)

PartIdRegsFile 
*          1    00000440    00000001     UNINITIALIZED
                  00000440    00000001     DSP2833x_GlobalVariableDefs.obj (PartIdRegsFile)

MODULE SUMMARY

       Module                             code   initialized data   uninitialized data
       ------                             ----   ----------------   ------------------
    <current directory>
       DSP2833x_GlobalVariableDefs.obj    0      0                  2679              
       MW_c2000ISR.obj                    1633   0                  0                 
       Z_CL1.obj                          1320   6                  60                
       DSP2833x_DefaultIsr.obj            790    0                  0                 
       DSP2833x_PieVect.obj               32     256                0                 
       DSP2833x_SysCtrl.obj               247    0                  0                 
       Z_CL1_data.obj                     0      103                100               
       rt_nonfinite.obj                   146    0                  12                
       c2833xSchedulerTimer0.obj          156    0                  0                 
       DSP2833x_CpuTimers.obj             116    0                  24                
       MW_c28xx_board.obj                 132    0                  0                 
       ert_main.obj                       80     4                  3                 
       rtGetInf.obj                       68     0                  0                 
       MW_c28xx_adc.obj                   53     0                  0                 
       rtGetNaN.obj                       42     2                  0                 
       DSP2833x_PieCtrl.obj               40     0                  0                 
       MW_c28xGlobalInterrupts.obj        20     4                  1                 
       MW_c28xx_pwm.obj                   23     0                  0                 
       DSP2833x_Adc.obj                   20     0                  0                 
       DSP2833x_CodeStartBranch.obj       10     0                  0                 
       DSP2833x_ADC_cal.obj               7      0                  0                 
       MW_c28xGPIO.obj                    0      4                  1                 
       DSP2833x_usDelay.obj               4      0                  0                 
       c2833xBoard_Realtime_Support.obj   1      0                  0                 
    +--+----------------------------------+------+------------------+--------------------+
       Total:                             4940   379                2880              
                                                                                      
    C:/ProgramData/MATLAB/tic2000/3P.instrset/tic28xcodegentools.instrset/ti-cgt-c2000_22.6.0.LTS/lib/rts2800_fpu32.lib
       e_fmodf.c.obj                      207    6                  0                 
       s_floorf.c.obj                     89     2                  0                 
       boot28.asm.obj                     86     0                  0                 
       exit.c.obj                         41     14                 6                 
       cpy_tbl.c.obj                      36     0                  0                 
       memcpy.c.obj                       29     0                  0                 
       _lock.c.obj                        9      10                 4                 
       args_main.c.obj                    18     0                  0                 
       pre_init.c.obj                     2      0                  0                 
       startup.c.obj                      1      0                  0                 
    +--+----------------------------------+------+------------------+--------------------+
       Total:                             518    32                 10                
                                                                                      
    C:\ti\c2000\C2000Ware_5_04_00_00\libraries\math\FPUfastRTS\c28\lib\rts2800_fpu32_fast_supplement_coff.lib
       div_f32.obj                        25     0                  0                 
    +--+----------------------------------+------+------------------+--------------------+
       Total:                             25     0                  0                 
                                                                                      
       Stack:                             0      0                  64                
    +--+----------------------------------+------+------------------+--------------------+
       Grand Total:                       5483   411                2954              


GLOBAL DATA SYMBOLS: SORTED BY DATA PAGE

address     data page           name
--------    ----------------    ----
00000400      10 (00000400)     __stack

00000440      11 (00000440)     _PartIdRegs

00000880      22 (00000880)     _DevEmuRegs

00000a80      2a (00000a80)     _FlashRegs

00000ae0      2b (00000ac0)     _CsmRegs

00000b00      2c (00000b00)     _AdcMirror
00000b20      2c (00000b00)     _XintfRegs

00000c00      30 (00000c00)     _CpuTimer0Regs
00000c08      30 (00000c00)     _CpuTimer1Regs
00000c10      30 (00000c00)     _CpuTimer2Regs

00000ce0      33 (00000cc0)     _PieCtrlRegs

00000d00      34 (00000d00)     _PieVectTable

00001000      40 (00001000)     _DmaRegs

00005000     140 (00005000)     _McbspaRegs

00005040     141 (00005040)     _McbspbRegs

00006000     180 (00006000)     _ECanaRegs

00006040     181 (00006040)     _ECanaLAMRegs

00006080     182 (00006080)     _ECanaMOTSRegs

000060c0     183 (000060c0)     _ECanaMOTORegs

00006100     184 (00006100)     _ECanaMboxes

00006200     188 (00006200)     _ECanbRegs

00006240     189 (00006240)     _ECanbLAMRegs

00006280     18a (00006280)     _ECanbMOTSRegs

000062c0     18b (000062c0)     _ECanbMOTORegs

00006300     18c (00006300)     _ECanbMboxes

00006800     1a0 (00006800)     _EPwm1Regs

00006840     1a1 (00006840)     _EPwm2Regs

00006880     1a2 (00006880)     _EPwm3Regs

000068c0     1a3 (000068c0)     _EPwm4Regs

00006900     1a4 (00006900)     _EPwm5Regs

00006940     1a5 (00006940)     _EPwm6Regs

00006a00     1a8 (00006a00)     _ECap1Regs
00006a20     1a8 (00006a00)     _ECap2Regs

00006a40     1a9 (00006a40)     _ECap3Regs
00006a60     1a9 (00006a40)     _ECap4Regs

00006a80     1aa (00006a80)     _ECap5Regs
00006aa0     1aa (00006a80)     _ECap6Regs

00006b00     1ac (00006b00)     _EQep1Regs

00006b40     1ad (00006b40)     _EQep2Regs

00006f80     1be (00006f80)     _GpioCtrlRegs

00006fc0     1bf (00006fc0)     _GpioDataRegs
00006fe0     1bf (00006fc0)     _GpioIntRegs

00007010     1c0 (00007000)     _SysCtrlRegs

00007040     1c1 (00007040)     _SpiaRegs
00007050     1c1 (00007040)     _SciaRegs
00007070     1c1 (00007040)     _XIntruptRegs

00007100     1c4 (00007100)     _AdcRegs

00007750     1dd (00007740)     _ScibRegs
00007770     1dd (00007740)     _ScicRegs

00007900     1e4 (00007900)     _I2caRegs

0000d000     340 (0000d000)     _PieVectTableInit

0000d104     344 (0000d100)     _Z_CL1_M
0000d10c     344 (0000d100)     _CpuTimer0
0000d114     344 (0000d100)     _CpuTimer1
0000d11c     344 (0000d100)     _CpuTimer2
0000d124     344 (0000d100)     _rtInf
0000d126     344 (0000d100)     _rtMinusInf
0000d128     344 (0000d100)     _rtNaN
0000d12a     344 (0000d100)     _rtInfF
0000d12c     344 (0000d100)     _rtMinusInfF
0000d12e     344 (0000d100)     _rtNaNF
0000d130     344 (0000d100)     ___TI_enable_exit_profile_output
0000d132     344 (0000d100)     ___TI_cleanup_ptr
0000d134     344 (0000d100)     ___TI_dtors_ptr
0000d136     344 (0000d100)     _IsrOverrun
0000d137     344 (0000d100)     _stopRequested
0000d138     344 (0000d100)     _runModel
0000d139     344 (0000d100)     _GPIO_oneTimeInit
0000d13a     344 (0000d100)     __lock
0000d13c     344 (0000d100)     __unlock
0000d13e     344 (0000d100)     _MW_InterruptDisableLock

0000d140     345 (0000d140)     _Z_CL1_P

0000d1c0     347 (0000d1c0)     _MW_adcInitFlag
0000d1c4     347 (0000d1c0)     _Z_CL1_B
0000d1da     347 (0000d1c0)     _Z_CL1_DW

0033fff8    cfff (0033ffc0)     _CsmPwl


GLOBAL SYMBOLS: SORTED ALPHABETICALLY BY Name 

page  address   name                            
----  -------   ----                            
1     0000d000  .bss                            
1     0000d000  .data                           
abs   ffffffff  .text                           
0     000094c2  C$$EXIT                         
0     00009574  FS$$DIV                         
0     00008bdc  _ADCINT_ISR                     
0     00380080  _ADC_cal                        
1     00000b00  _AdcMirror                      
1     00007100  _AdcRegs                        
0     00009249  _ConfigCpuTimer                 
1     0000d10c  _CpuTimer0                      
1     00000c00  _CpuTimer0Regs                  
1     0000d114  _CpuTimer1                      
1     00000c08  _CpuTimer1Regs                  
1     0000d11c  _CpuTimer2                      
1     00000c10  _CpuTimer2Regs                  
1     0033fff8  _CsmPwl                         
1     00000ae0  _CsmRegs                        
0     00008ffa  _CsmUnlock                      
0     00008b0a  _DATALOG_ISR                    
0     00008cfe  _DINTCH1_ISR                    
0     00008d08  _DINTCH2_ISR                    
0     00008d12  _DINTCH3_ISR                    
0     00008d1c  _DINTCH4_ISR                    
0     00008d26  _DINTCH5_ISR                    
0     00008d30  _DINTCH6_ISR                    
0     00008091  _DSP28x_usDelay                 
1     00000880  _DevEmuRegs                     
0     00008f47  _DisableDog                     
1     00001000  _DmaRegs                        
0     00008d8a  _ECAN0INTA_ISR                  
0     00008d9e  _ECAN0INTB_ISR                  
0     00008d94  _ECAN1INTA_ISR                  
0     00008da8  _ECAN1INTB_ISR                  
0     00008c72  _ECAP1_INT_ISR                  
0     00008c7c  _ECAP2_INT_ISR                  
0     00008c86  _ECAP3_INT_ISR                  
0     00008c90  _ECAP4_INT_ISR                  
0     00008c9a  _ECAP5_INT_ISR                  
0     00008ca4  _ECAP6_INT_ISR                  
1     00006040  _ECanaLAMRegs                   
1     000060c0  _ECanaMOTORegs                  
1     00006080  _ECanaMOTSRegs                  
1     00006100  _ECanaMboxes                    
1     00006000  _ECanaRegs                      
1     00006240  _ECanbLAMRegs                   
1     000062c0  _ECanbMOTORegs                  
1     00006280  _ECanbMOTSRegs                  
1     00006300  _ECanbMboxes                    
1     00006200  _ECanbRegs                      
1     00006a00  _ECap1Regs                      
1     00006a20  _ECap2Regs                      
1     00006a40  _ECap3Regs                      
1     00006a60  _ECap4Regs                      
1     00006a80  _ECap5Regs                      
1     00006aa0  _ECap6Regs                      
0     00008b1e  _EMUINT_ISR                     
0     00008c36  _EPWM1_INT_ISR                  
0     00008bfa  _EPWM1_TZINT_ISR                
0     00008c40  _EPWM2_INT_ISR                  
0     00008c04  _EPWM2_TZINT_ISR                
0     00008c4a  _EPWM3_INT_ISR                  
0     00008c0e  _EPWM3_TZINT_ISR                
0     00008c54  _EPWM4_INT_ISR                  
0     00008c18  _EPWM4_TZINT_ISR                
0     00008c5e  _EPWM5_INT_ISR                  
0     00008c22  _EPWM5_TZINT_ISR                
0     00008c68  _EPWM6_INT_ISR                  
0     00008c2c  _EPWM6_TZINT_ISR                
1     00006800  _EPwm1Regs                      
1     00006840  _EPwm2Regs                      
1     00006880  _EPwm3Regs                      
1     000068c0  _EPwm4Regs                      
1     00006900  _EPwm5Regs                      
1     00006940  _EPwm6Regs                      
0     00008cae  _EQEP1_INT_ISR                  
0     00008cb8  _EQEP2_INT_ISR                  
1     00006b00  _EQep1Regs                      
1     00006b40  _EQep2Regs                      
0     0000950a  _EnableInterrupts               
1     00000a80  _FlashRegs                      
1     0000d139  _GPIO_oneTimeInit               
1     00006f80  _GpioCtrlRegs                   
1     00006fc0  _GpioDataRegs                   
1     00006fe0  _GpioIntRegs                    
0     000086d9  _HWI_TIC28x_AcknowledgeIrq      
0     00008095  _HWI_TIC28x_ConfigureIRQ        
0     000082e0  _HWI_TIC28x_DisableIRQ          
0     000080a7  _HWI_TIC28x_EnableIRQ           
0     00008530  _HWI_TIC28x_EnablePendingIRQ    
0     00008d3a  _I2CINT1A_ISR                   
0     00008d44  _I2CINT2A_ISR                   
1     00007900  _I2caRegs                       
0     00008b32  _ILLEGAL_ISR                    
0     00008af6  _INT13_ISR                      
0     00008b00  _INT14_ISR                      
0     000095a4  _InitAdc                        
0     00009210  _InitCpuTimers                  
0     00008f9f  _InitPeripheralClocks           
0     000094eb  _InitPieCtrl                    
0     00009537  _InitPieVectTable               
0     00008f4f  _InitPll                        
0     00008f34  _InitSysCtrl                    
0     000091f1  _InitXintf16Gpio                
1     0000d136  _IsrOverrun                     
0     00008dee  _LUF_ISR                        
0     00008de4  _LVF_ISR                        
0     00008cea  _MRINTA_ISR                     
0     00008cd6  _MRINTB_ISR                     
1     0000d13e  _MW_InterruptDisableLock        
1     0000d1c0  _MW_adcInitFlag                 
0     00008cf4  _MXINTA_ISR                     
0     00008ce0  _MXINTB_ISR                     
1     00005000  _McbspaRegs                     
1     00005040  _McbspbRegs                     
0     00008b28  _NMI_ISR                        
0     00008df8  _PIE_RESERVED                   
1     00000440  _PartIdRegs                     
1     00000ce0  _PieCtrlRegs                    
1     00000d00  _PieVectTable                   
1     0000d000  _PieVectTableInit               
0     00008b14  _RTOSINT_ISR                    
0     00008d62  _SCIRXINTA_ISR                  
0     00008d76  _SCIRXINTB_ISR                  
0     00008d4e  _SCIRXINTC_ISR                  
0     00008d6c  _SCITXINTA_ISR                  
0     00008d80  _SCITXINTB_ISR                  
0     00008d58  _SCITXINTC_ISR                  
0     000086f6  _SEQ1INT                        
0     00008bb4  _SEQ1INT_ISR                    
0     00008bbe  _SEQ2INT_ISR                    
0     00008cc2  _SPIRXINTA_ISR                  
0     00008ccc  _SPITXINTA_ISR                  
1     00007050  _SciaRegs                       
1     00007750  _ScibRegs                       
1     00007770  _ScicRegs                       
0     00008f3d  _ServiceDog                     
1     00007040  _SpiaRegs                       
1     00007010  _SysCtrlRegs                    
0     00008be6  _TINT0_ISR                      
0     000093db  _TINT0_isr                      
0     00008b96  _USER10_ISR                     
0     00008ba0  _USER11_ISR                     
0     00008baa  _USER12_ISR                     
0     00008b3c  _USER1_ISR                      
0     00008b46  _USER2_ISR                      
0     00008b50  _USER3_ISR                      
0     00008b5a  _USER4_ISR                      
0     00008b64  _USER5_ISR                      
0     00008b6e  _USER6_ISR                      
0     00008b78  _USER7_ISR                      
0     00008b82  _USER8_ISR                      
0     00008b8c  _USER9_ISR                      
0     00008bf0  _WAKEINT_ISR                    
0     00008bc8  _XINT1_ISR                      
0     00008bd2  _XINT2_ISR                      
0     00008db2  _XINT3_ISR                      
0     00008dbc  _XINT4_ISR                      
0     00008dc6  _XINT5_ISR                      
0     00008dd0  _XINT6_ISR                      
0     00008dda  _XINT7_ISR                      
1     00007070  _XIntruptRegs                   
1     00000b20  _XintfRegs                      
1     0000d1c4  _Z_CL1_B                        
1     0000d1da  _Z_CL1_DW                       
1     0000d104  _Z_CL1_M                        
1     0000d140  _Z_CL1_P                        
0     00008f26  _Z_CL1_configure_interrupts     
0     00008e0c  _Z_CL1_initialize               
0     00008f25  _Z_CL1_terminate                
0     00008f30  _Z_CL1_unconfigure_interrupts   
1     00000440  __STACK_END                     
abs   00000040  __STACK_SIZE                    
1     0000d132  ___TI_cleanup_ptr               
1     0000d134  ___TI_dtors_ptr                 
1     0000d130  ___TI_enable_exit_profile_output
abs   ffffffff  ___TI_pprof_out_hndl            
abs   ffffffff  ___TI_prof_data_size            
abs   ffffffff  ___TI_prof_data_start           
abs   ffffffff  ___binit__                      
1     0000d000  ___bss__                        
abs   ffffffff  ___c_args__                     
0     00008000  ___cinit__                      
1     0000d000  ___data__                       
1     0000d000  ___edata__                      
1     0000d000  ___end__                        
abs   ffffffff  ___etext__                      
abs   ffffffff  ___pinit__                      
abs   ffffffff  ___text__                       
0     000095cc  __args_main                     
1     0000d13a  __lock                          
0     000095e6  __nop                           
0     000095e2  __register_lock                 
0     000095de  __register_unlock               
1     00000400  __stack                         
0     000095f2  __system_post_cinit             
0     000095ef  __system_pre_init               
1     0000d13c  __unlock                        
0     000094c2  _abort                          
0     000095f1  _c2000_flash_init               
0     00009335  _c_int00                        
0     00009463  _config_ADC_B                   
0     000095a3  _config_ePWMSyncSource          
0     0000958d  _config_ePWM_GPIO               
0     0000959b  _config_ePWM_TBSync             
0     000092dd  _configureTimer0                
0     00009513  _copy_in                        
0     00009314  _disableTimer0Interrupt         
0     0000930c  _enableTimer0Interrupt          
0     000094c4  _exit                           
0     00009284  _floor                          
0     00009284  _floorf                         
0     0000902b  _fmod                           
0     0000902b  _fmodf                          
0     000095c4  _globalInterruptDisable         
0     000095b8  _globalInterruptEnable          
0     0000918c  _init_board                     
0     0000938c  _main                           
0     00009557  _memcpy                         
0     0000932a  _restoreTimer0Interrupt         
0     00008e02  _rsvd_ISR                       
0     0000941f  _rtGetInf                       
0     00009438  _rtGetInfF                      
0     00009441  _rtGetMinusInf                  
0     0000945a  _rtGetMinusInfF                 
0     00009498  _rtGetNaN                       
0     000094b1  _rtGetNaNF                      
1     0000d124  _rtInf                          
1     0000d12a  _rtInfF                         
0     00009122  _rtIsInf                        
0     0000913a  _rtIsInfF                       
0     00009152  _rtIsNaN                        
0     00009175  _rtIsNaNF                       
1     0000d126  _rtMinusInf                     
1     0000d12c  _rtMinusInfF                    
1     0000d128  _rtNaN                          
1     0000d12e  _rtNaNF                         
0     000090fa  _rt_InitInfAndNaN               
0     0000938b  _rt_OneStep                     
1     0000d138  _runModel                       
1     0000d137  _stopRequested                  
abs   ffffffff  binit                           
0     00008000  cinit                           
0     00000000  code_start                      
1     0000d000  edata                           
1     0000d000  end                             
abs   ffffffff  etext                           
abs   ffffffff  pinit                           


GLOBAL SYMBOLS: SORTED BY Symbol Address 

page  address   name                            
----  -------   ----                            
0     00000000  code_start                      
0     00008000  ___cinit__                      
0     00008000  cinit                           
0     00008091  _DSP28x_usDelay                 
0     00008095  _HWI_TIC28x_ConfigureIRQ        
0     000080a7  _HWI_TIC28x_EnableIRQ           
0     000082e0  _HWI_TIC28x_DisableIRQ          
0     00008530  _HWI_TIC28x_EnablePendingIRQ    
0     000086d9  _HWI_TIC28x_AcknowledgeIrq      
0     000086f6  _SEQ1INT                        
0     00008af6  _INT13_ISR                      
0     00008b00  _INT14_ISR                      
0     00008b0a  _DATALOG_ISR                    
0     00008b14  _RTOSINT_ISR                    
0     00008b1e  _EMUINT_ISR                     
0     00008b28  _NMI_ISR                        
0     00008b32  _ILLEGAL_ISR                    
0     00008b3c  _USER1_ISR                      
0     00008b46  _USER2_ISR                      
0     00008b50  _USER3_ISR                      
0     00008b5a  _USER4_ISR                      
0     00008b64  _USER5_ISR                      
0     00008b6e  _USER6_ISR                      
0     00008b78  _USER7_ISR                      
0     00008b82  _USER8_ISR                      
0     00008b8c  _USER9_ISR                      
0     00008b96  _USER10_ISR                     
0     00008ba0  _USER11_ISR                     
0     00008baa  _USER12_ISR                     
0     00008bb4  _SEQ1INT_ISR                    
0     00008bbe  _SEQ2INT_ISR                    
0     00008bc8  _XINT1_ISR                      
0     00008bd2  _XINT2_ISR                      
0     00008bdc  _ADCINT_ISR                     
0     00008be6  _TINT0_ISR                      
0     00008bf0  _WAKEINT_ISR                    
0     00008bfa  _EPWM1_TZINT_ISR                
0     00008c04  _EPWM2_TZINT_ISR                
0     00008c0e  _EPWM3_TZINT_ISR                
0     00008c18  _EPWM4_TZINT_ISR                
0     00008c22  _EPWM5_TZINT_ISR                
0     00008c2c  _EPWM6_TZINT_ISR                
0     00008c36  _EPWM1_INT_ISR                  
0     00008c40  _EPWM2_INT_ISR                  
0     00008c4a  _EPWM3_INT_ISR                  
0     00008c54  _EPWM4_INT_ISR                  
0     00008c5e  _EPWM5_INT_ISR                  
0     00008c68  _EPWM6_INT_ISR                  
0     00008c72  _ECAP1_INT_ISR                  
0     00008c7c  _ECAP2_INT_ISR                  
0     00008c86  _ECAP3_INT_ISR                  
0     00008c90  _ECAP4_INT_ISR                  
0     00008c9a  _ECAP5_INT_ISR                  
0     00008ca4  _ECAP6_INT_ISR                  
0     00008cae  _EQEP1_INT_ISR                  
0     00008cb8  _EQEP2_INT_ISR                  
0     00008cc2  _SPIRXINTA_ISR                  
0     00008ccc  _SPITXINTA_ISR                  
0     00008cd6  _MRINTB_ISR                     
0     00008ce0  _MXINTB_ISR                     
0     00008cea  _MRINTA_ISR                     
0     00008cf4  _MXINTA_ISR                     
0     00008cfe  _DINTCH1_ISR                    
0     00008d08  _DINTCH2_ISR                    
0     00008d12  _DINTCH3_ISR                    
0     00008d1c  _DINTCH4_ISR                    
0     00008d26  _DINTCH5_ISR                    
0     00008d30  _DINTCH6_ISR                    
0     00008d3a  _I2CINT1A_ISR                   
0     00008d44  _I2CINT2A_ISR                   
0     00008d4e  _SCIRXINTC_ISR                  
0     00008d58  _SCITXINTC_ISR                  
0     00008d62  _SCIRXINTA_ISR                  
0     00008d6c  _SCITXINTA_ISR                  
0     00008d76  _SCIRXINTB_ISR                  
0     00008d80  _SCITXINTB_ISR                  
0     00008d8a  _ECAN0INTA_ISR                  
0     00008d94  _ECAN1INTA_ISR                  
0     00008d9e  _ECAN0INTB_ISR                  
0     00008da8  _ECAN1INTB_ISR                  
0     00008db2  _XINT3_ISR                      
0     00008dbc  _XINT4_ISR                      
0     00008dc6  _XINT5_ISR                      
0     00008dd0  _XINT6_ISR                      
0     00008dda  _XINT7_ISR                      
0     00008de4  _LVF_ISR                        
0     00008dee  _LUF_ISR                        
0     00008df8  _PIE_RESERVED                   
0     00008e02  _rsvd_ISR                       
0     00008e0c  _Z_CL1_initialize               
0     00008f25  _Z_CL1_terminate                
0     00008f26  _Z_CL1_configure_interrupts     
0     00008f30  _Z_CL1_unconfigure_interrupts   
0     00008f34  _InitSysCtrl                    
0     00008f3d  _ServiceDog                     
0     00008f47  _DisableDog                     
0     00008f4f  _InitPll                        
0     00008f9f  _InitPeripheralClocks           
0     00008ffa  _CsmUnlock                      
0     0000902b  _fmod                           
0     0000902b  _fmodf                          
0     000090fa  _rt_InitInfAndNaN               
0     00009122  _rtIsInf                        
0     0000913a  _rtIsInfF                       
0     00009152  _rtIsNaN                        
0     00009175  _rtIsNaNF                       
0     0000918c  _init_board                     
0     000091f1  _InitXintf16Gpio                
0     00009210  _InitCpuTimers                  
0     00009249  _ConfigCpuTimer                 
0     00009284  _floor                          
0     00009284  _floorf                         
0     000092dd  _configureTimer0                
0     0000930c  _enableTimer0Interrupt          
0     00009314  _disableTimer0Interrupt         
0     0000932a  _restoreTimer0Interrupt         
0     00009335  _c_int00                        
0     0000938b  _rt_OneStep                     
0     0000938c  _main                           
0     000093db  _TINT0_isr                      
0     0000941f  _rtGetInf                       
0     00009438  _rtGetInfF                      
0     00009441  _rtGetMinusInf                  
0     0000945a  _rtGetMinusInfF                 
0     00009463  _config_ADC_B                   
0     00009498  _rtGetNaN                       
0     000094b1  _rtGetNaNF                      
0     000094c2  C$$EXIT                         
0     000094c2  _abort                          
0     000094c4  _exit                           
0     000094eb  _InitPieCtrl                    
0     0000950a  _EnableInterrupts               
0     00009513  _copy_in                        
0     00009537  _InitPieVectTable               
0     00009557  _memcpy                         
0     00009574  FS$$DIV                         
0     0000958d  _config_ePWM_GPIO               
0     0000959b  _config_ePWM_TBSync             
0     000095a3  _config_ePWMSyncSource          
0     000095a4  _InitAdc                        
0     000095b8  _globalInterruptEnable          
0     000095c4  _globalInterruptDisable         
0     000095cc  __args_main                     
0     000095de  __register_unlock               
0     000095e2  __register_lock                 
0     000095e6  __nop                           
0     000095ef  __system_pre_init               
0     000095f1  _c2000_flash_init               
0     000095f2  __system_post_cinit             
0     00380080  _ADC_cal                        
1     00000400  __stack                         
1     00000440  _PartIdRegs                     
1     00000440  __STACK_END                     
1     00000880  _DevEmuRegs                     
1     00000a80  _FlashRegs                      
1     00000ae0  _CsmRegs                        
1     00000b00  _AdcMirror                      
1     00000b20  _XintfRegs                      
1     00000c00  _CpuTimer0Regs                  
1     00000c08  _CpuTimer1Regs                  
1     00000c10  _CpuTimer2Regs                  
1     00000ce0  _PieCtrlRegs                    
1     00000d00  _PieVectTable                   
1     00001000  _DmaRegs                        
1     00005000  _McbspaRegs                     
1     00005040  _McbspbRegs                     
1     00006000  _ECanaRegs                      
1     00006040  _ECanaLAMRegs                   
1     00006080  _ECanaMOTSRegs                  
1     000060c0  _ECanaMOTORegs                  
1     00006100  _ECanaMboxes                    
1     00006200  _ECanbRegs                      
1     00006240  _ECanbLAMRegs                   
1     00006280  _ECanbMOTSRegs                  
1     000062c0  _ECanbMOTORegs                  
1     00006300  _ECanbMboxes                    
1     00006800  _EPwm1Regs                      
1     00006840  _EPwm2Regs                      
1     00006880  _EPwm3Regs                      
1     000068c0  _EPwm4Regs                      
1     00006900  _EPwm5Regs                      
1     00006940  _EPwm6Regs                      
1     00006a00  _ECap1Regs                      
1     00006a20  _ECap2Regs                      
1     00006a40  _ECap3Regs                      
1     00006a60  _ECap4Regs                      
1     00006a80  _ECap5Regs                      
1     00006aa0  _ECap6Regs                      
1     00006b00  _EQep1Regs                      
1     00006b40  _EQep2Regs                      
1     00006f80  _GpioCtrlRegs                   
1     00006fc0  _GpioDataRegs                   
1     00006fe0  _GpioIntRegs                    
1     00007010  _SysCtrlRegs                    
1     00007040  _SpiaRegs                       
1     00007050  _SciaRegs                       
1     00007070  _XIntruptRegs                   
1     00007100  _AdcRegs                        
1     00007750  _ScibRegs                       
1     00007770  _ScicRegs                       
1     00007900  _I2caRegs                       
1     0000d000  .bss                            
1     0000d000  .data                           
1     0000d000  _PieVectTableInit               
1     0000d000  ___bss__                        
1     0000d000  ___data__                       
1     0000d000  ___edata__                      
1     0000d000  ___end__                        
1     0000d000  edata                           
1     0000d000  end                             
1     0000d104  _Z_CL1_M                        
1     0000d10c  _CpuTimer0                      
1     0000d114  _CpuTimer1                      
1     0000d11c  _CpuTimer2                      
1     0000d124  _rtInf                          
1     0000d126  _rtMinusInf                     
1     0000d128  _rtNaN                          
1     0000d12a  _rtInfF                         
1     0000d12c  _rtMinusInfF                    
1     0000d12e  _rtNaNF                         
1     0000d130  ___TI_enable_exit_profile_output
1     0000d132  ___TI_cleanup_ptr               
1     0000d134  ___TI_dtors_ptr                 
1     0000d136  _IsrOverrun                     
1     0000d137  _stopRequested                  
1     0000d138  _runModel                       
1     0000d139  _GPIO_oneTimeInit               
1     0000d13a  __lock                          
1     0000d13c  __unlock                        
1     0000d13e  _MW_InterruptDisableLock        
1     0000d140  _Z_CL1_P                        
1     0000d1c0  _MW_adcInitFlag                 
1     0000d1c4  _Z_CL1_B                        
1     0000d1da  _Z_CL1_DW                       
1     0033fff8  _CsmPwl                         
abs   00000040  __STACK_SIZE                    
abs   ffffffff  .text                           
abs   ffffffff  ___TI_pprof_out_hndl            
abs   ffffffff  ___TI_prof_data_size            
abs   ffffffff  ___TI_prof_data_start           
abs   ffffffff  ___binit__                      
abs   ffffffff  ___c_args__                     
abs   ffffffff  ___etext__                      
abs   ffffffff  ___pinit__                      
abs   ffffffff  ___text__                       
abs   ffffffff  binit                           
abs   ffffffff  etext                           
abs   ffffffff  pinit                           

[248 symbols]
