******************************************************************************
             TMS320C2000 Linker PC v22.6.0                     
******************************************************************************
>> Linked Wed Jan 15 09:51:28 2025

OUTPUT FILE NAME:   <../Z_OL1.out>
ENTRY POINT SYMBOL: "_c_int00"  address: 0000907e


MEMORY CONFIGURATION

         name            origin    length      used     unused   attr    fill
----------------------  --------  ---------  --------  --------  ----  --------
PAGE 0:
  BEGINRAM              00000000   00000002  00000002  00000000  RWIX
  RAMM0                 00000002   000003fe  00000000  000003fe  RWIX
  RAMLPRG               00008000   00005000  0000134d  00003cb3  RWIX
  ZONE7P                00200000   00010000  00000000  00010000  RWIX
  FLASH                 00300000   0003fff6  00000000  0003fff6  RWIX
  BEGINFLASH            0033fff6   00000002  00000000  00000002  RWIX
  ADC_CAL               00380080   00000009  00000007  00000002  RWIX
  OTP                   00380400   00000400  00000000  00000400  RWIX
  CSM_PWL               003f7ff8   00000008  00000000  00000008  RWIX
  IQTABLES              003fe000   00000b50  00000000  00000b50  RWIX
  IQTABLES2             003feb50   0000008c  00000000  0000008c  RWIX
  FPUTABLES             003febdc   000006a0  00000000  000006a0  RWIX
  ROM                   003ff27c   00000d44  00000000  00000d44  RWIX
  RESET                 003fffc0   00000002  00000000  00000002  RWIX
  VECTORS               003fffc2   0000003e  00000000  0000003e  RWIX

PAGE 1:
  RAMM1                 00000400   00000400  00000041  000003bf  RWIX
  DEV_EMU               00000880   00000180  000000d0  000000b0  RWIX
  FLASH_REGS            00000a80   00000060  00000008  00000058  RWIX
  CSM                   00000ae0   00000010  00000010  00000000  RWIX
  ADC_MIRROR            00000b00   00000010  00000010  00000000  RWIX
  XINTF                 00000b20   00000020  0000001e  00000002  RWIX
  CPU_TIMER0            00000c00   00000008  00000008  00000000  RWIX
  CPU_TIMER1            00000c08   00000008  00000008  00000000  RWIX
  CPU_TIMER2            00000c10   00000008  00000008  00000000  RWIX
  PIE_CTRL              00000ce0   00000020  0000001a  00000006  RWIX
  PIE_VECT              00000d00   00000100  00000100  00000000  RWIX
  DMA                   00001000   00000200  000000e0  00000120  RWIX
  MCBSPA                00005000   00000040  00000025  0000001b  RWIX
  MCBSPB                00005040   00000040  00000025  0000001b  RWIX
  ECANA                 00006000   00000040  00000034  0000000c  RWIX
  ECANA_LAM             00006040   00000040  00000040  00000000  RWIX
  ECANA_MOTS            00006080   00000040  00000040  00000000  RWIX
  ECANA_MOTO            000060c0   00000040  00000040  00000000  RWIX
  ECANA_MBOX            00006100   00000100  00000100  00000000  RWIX
  ECANB                 00006200   00000040  00000034  0000000c  RWIX
  ECANB_LAM             00006240   00000040  00000040  00000000  RWIX
  ECANB_MOTS            00006280   00000040  00000040  00000000  RWIX
  ECANB_MOTO            000062c0   00000040  00000040  00000000  RWIX
  ECANB_MBOX            00006300   00000100  00000100  00000000  RWIX
  EPWM1                 00006800   00000022  00000022  00000000  RWIX
  EPWM2                 00006840   00000022  00000022  00000000  RWIX
  EPWM3                 00006880   00000022  00000022  00000000  RWIX
  EPWM4                 000068c0   00000022  00000022  00000000  RWIX
  EPWM5                 00006900   00000022  00000022  00000000  RWIX
  EPWM6                 00006940   00000022  00000022  00000000  RWIX
  ECAP1                 00006a00   00000020  00000020  00000000  RWIX
  ECAP2                 00006a20   00000020  00000020  00000000  RWIX
  ECAP3                 00006a40   00000020  00000020  00000000  RWIX
  ECAP4                 00006a60   00000020  00000020  00000000  RWIX
  ECAP5                 00006a80   00000020  00000020  00000000  RWIX
  ECAP6                 00006aa0   00000020  00000020  00000000  RWIX
  EQEP1                 00006b00   00000040  00000040  00000000  RWIX
  EQEP2                 00006b40   00000040  00000040  00000000  RWIX
  GPIOCTRL              00006f80   00000040  0000002e  00000012  RWIX
  GPIODAT               00006fc0   00000020  00000020  00000000  RWIX
  GPIOINT               00006fe0   00000020  0000000a  00000016  RWIX
  SYSTEM                00007010   00000020  00000020  00000000  RWIX
  SPIA                  00007040   00000010  00000010  00000000  RWIX
  SCIA                  00007050   00000010  00000010  00000000  RWIX
  XINTRUPT              00007070   00000010  00000010  00000000  RWIX
  ADC                   00007100   00000020  0000001e  00000002  RWIX
  SCIB                  00007750   00000010  00000010  00000000  RWIX
  SCIC                  00007770   00000010  00000010  00000000  RWIX
  I2CA                  00007900   00000040  00000022  0000001e  RWIX
  RAMLDATA              0000d000   00003000  00000159  00002ea7  RWIX
  ZONE7D                00210000   00010000  00000000  00010000  RWIX
  CSM_PWL               0033fff8   00000008  00000008  00000000  RWIX


SECTION ALLOCATION MAP

 output                                  attributes/
section   page    origin      length       input sections
--------  ----  ----------  ----------   ----------------
.text      0    00008043    0000130a     
                  00008043    00000661     MW_c2000ISR.obj (.text)
                  000086a4    00000316     DSP2833x_DefaultIsr.obj (.text:retain)
                  000089ba    00000168     Z_OL1.obj (.text)
                  00008b22    0000015b     Z_OL1.obj (.text:retain)
                  00008c7d    000000f7     DSP2833x_SysCtrl.obj (.text)
                  00008d74    000000cf     rts2800_fpu32.lib : e_fmodf.c.obj (.text)
                  00008e43    00000092     rt_nonfinite.obj (.text)
                  00008ed5    00000084     MW_c28xx_board.obj (.text)
                  00008f59    00000074     DSP2833x_CpuTimers.obj (.text)
                  00008fcd    00000059     rts2800_fpu32.lib : s_floorf.c.obj (.text)
                  00009026    00000058     c2833xSchedulerTimer0.obj (.text)
                  0000907e    00000056     rts2800_fpu32.lib : boot28.asm.obj (.text)
                  000090d4    00000050     ert_main.obj (.text)
                  00009124    00000044     c2833xSchedulerTimer0.obj (.text:retain)
                  00009168    00000044     rtGetInf.obj (.text)
                  000091ac    00000034     MW_c28xx_adc.obj (.text)
                  000091e0    0000002a     rtGetNaN.obj (.text)
                  0000920a    00000029     MW_c28xx_pwm.obj (.text)
                  00009233    00000029     rts2800_fpu32.lib : exit.c.obj (.text)
                  0000925c    00000028     DSP2833x_PieCtrl.obj (.text)
                  00009284    00000024     rts2800_fpu32.lib : cpy_tbl.c.obj (.text)
                  000092a8    00000020     DSP2833x_PieVect.obj (.text)
                  000092c8    0000001d     rts2800_fpu32.lib : memcpy.c.obj (.text)
                  000092e5    00000019     rts2800_fpu32_fast_supplement_coff.lib : div_f32.obj (.text)
                  000092fe    00000014     DSP2833x_Adc.obj (.text)
                  00009312    00000014     MW_c28xGlobalInterrupts.obj (.text)
                  00009326    00000012     rts2800_fpu32.lib : args_main.c.obj (.text)
                  00009338    00000009                       : _lock.c.obj (.text)
                  00009341    00000008     DSP2833x_CodeStartBranch.obj (.text)
                  00009349    00000002     rts2800_fpu32.lib : pre_init.c.obj (.text)
                  0000934b    00000001     c2833xBoard_Realtime_Support.obj (.text)
                  0000934c    00000001     rts2800_fpu32.lib : startup.c.obj (.text)

DevEmuRegsFile 
*          1    00000880    000000d0     UNINITIALIZED
                  00000880    000000d0     DSP2833x_GlobalVariableDefs.obj (DevEmuRegsFile)

FlashRegsFile 
*          1    00000a80    00000008     UNINITIALIZED
                  00000a80    00000008     DSP2833x_GlobalVariableDefs.obj (FlashRegsFile)

CsmRegsFile 
*          1    00000ae0    00000010     UNINITIALIZED
                  00000ae0    00000010     DSP2833x_GlobalVariableDefs.obj (CsmRegsFile)

AdcMirrorFile 
*          1    00000b00    00000010     UNINITIALIZED
                  00000b00    00000010     DSP2833x_GlobalVariableDefs.obj (AdcMirrorFile)

XintfRegsFile 
*          1    00000b20    0000001e     UNINITIALIZED
                  00000b20    0000001e     DSP2833x_GlobalVariableDefs.obj (XintfRegsFile)

CpuTimer0RegsFile 
*          1    00000c00    00000008     UNINITIALIZED
                  00000c00    00000008     DSP2833x_GlobalVariableDefs.obj (CpuTimer0RegsFile)

CpuTimer1RegsFile 
*          1    00000c08    00000008     UNINITIALIZED
                  00000c08    00000008     DSP2833x_GlobalVariableDefs.obj (CpuTimer1RegsFile)

CpuTimer2RegsFile 
*          1    00000c10    00000008     UNINITIALIZED
                  00000c10    00000008     DSP2833x_GlobalVariableDefs.obj (CpuTimer2RegsFile)

PieCtrlRegsFile 
*          1    00000ce0    0000001a     UNINITIALIZED
                  00000ce0    0000001a     DSP2833x_GlobalVariableDefs.obj (PieCtrlRegsFile)

PieVectTableFile 
*          1    00000d00    00000100     UNINITIALIZED
                  00000d00    00000100     DSP2833x_GlobalVariableDefs.obj (PieVectTableFile)

DmaRegsFile 
*          1    00001000    000000e0     UNINITIALIZED
                  00001000    000000e0     DSP2833x_GlobalVariableDefs.obj (DmaRegsFile)

McbspaRegsFile 
*          1    00005000    00000025     UNINITIALIZED
                  00005000    00000025     DSP2833x_GlobalVariableDefs.obj (McbspaRegsFile)

McbspbRegsFile 
*          1    00005040    00000025     UNINITIALIZED
                  00005040    00000025     DSP2833x_GlobalVariableDefs.obj (McbspbRegsFile)

ECanaRegsFile 
*          1    00006000    00000034     UNINITIALIZED
                  00006000    00000034     DSP2833x_GlobalVariableDefs.obj (ECanaRegsFile)

ECanaLAMRegsFile 
*          1    00006040    00000040     UNINITIALIZED
                  00006040    00000040     DSP2833x_GlobalVariableDefs.obj (ECanaLAMRegsFile)

ECanaMOTSRegsFile 
*          1    00006080    00000040     UNINITIALIZED
                  00006080    00000040     DSP2833x_GlobalVariableDefs.obj (ECanaMOTSRegsFile)

ECanaMOTORegsFile 
*          1    000060c0    00000040     UNINITIALIZED
                  000060c0    00000040     DSP2833x_GlobalVariableDefs.obj (ECanaMOTORegsFile)

ECanaMboxesFile 
*          1    00006100    00000100     UNINITIALIZED
                  00006100    00000100     DSP2833x_GlobalVariableDefs.obj (ECanaMboxesFile)

ECanbRegsFile 
*          1    00006200    00000034     UNINITIALIZED
                  00006200    00000034     DSP2833x_GlobalVariableDefs.obj (ECanbRegsFile)

ECanbLAMRegsFile 
*          1    00006240    00000040     UNINITIALIZED
                  00006240    00000040     DSP2833x_GlobalVariableDefs.obj (ECanbLAMRegsFile)

ECanbMOTSRegsFile 
*          1    00006280    00000040     UNINITIALIZED
                  00006280    00000040     DSP2833x_GlobalVariableDefs.obj (ECanbMOTSRegsFile)

ECanbMOTORegsFile 
*          1    000062c0    00000040     UNINITIALIZED
                  000062c0    00000040     DSP2833x_GlobalVariableDefs.obj (ECanbMOTORegsFile)

ECanbMboxesFile 
*          1    00006300    00000100     UNINITIALIZED
                  00006300    00000100     DSP2833x_GlobalVariableDefs.obj (ECanbMboxesFile)

EPwm1RegsFile 
*          1    00006800    00000022     UNINITIALIZED
                  00006800    00000022     DSP2833x_GlobalVariableDefs.obj (EPwm1RegsFile)

EPwm2RegsFile 
*          1    00006840    00000022     UNINITIALIZED
                  00006840    00000022     DSP2833x_GlobalVariableDefs.obj (EPwm2RegsFile)

EPwm3RegsFile 
*          1    00006880    00000022     UNINITIALIZED
                  00006880    00000022     DSP2833x_GlobalVariableDefs.obj (EPwm3RegsFile)

EPwm4RegsFile 
*          1    000068c0    00000022     UNINITIALIZED
                  000068c0    00000022     DSP2833x_GlobalVariableDefs.obj (EPwm4RegsFile)

EPwm5RegsFile 
*          1    00006900    00000022     UNINITIALIZED
                  00006900    00000022     DSP2833x_GlobalVariableDefs.obj (EPwm5RegsFile)

EPwm6RegsFile 
*          1    00006940    00000022     UNINITIALIZED
                  00006940    00000022     DSP2833x_GlobalVariableDefs.obj (EPwm6RegsFile)

ECap1RegsFile 
*          1    00006a00    00000020     UNINITIALIZED
                  00006a00    00000020     DSP2833x_GlobalVariableDefs.obj (ECap1RegsFile)

ECap2RegsFile 
*          1    00006a20    00000020     UNINITIALIZED
                  00006a20    00000020     DSP2833x_GlobalVariableDefs.obj (ECap2RegsFile)

ECap3RegsFile 
*          1    00006a40    00000020     UNINITIALIZED
                  00006a40    00000020     DSP2833x_GlobalVariableDefs.obj (ECap3RegsFile)

ECap4RegsFile 
*          1    00006a60    00000020     UNINITIALIZED
                  00006a60    00000020     DSP2833x_GlobalVariableDefs.obj (ECap4RegsFile)

ECap5RegsFile 
*          1    00006a80    00000020     UNINITIALIZED
                  00006a80    00000020     DSP2833x_GlobalVariableDefs.obj (ECap5RegsFile)

ECap6RegsFile 
*          1    00006aa0    00000020     UNINITIALIZED
                  00006aa0    00000020     DSP2833x_GlobalVariableDefs.obj (ECap6RegsFile)

EQep1RegsFile 
*          1    00006b00    00000040     UNINITIALIZED
                  00006b00    00000040     DSP2833x_GlobalVariableDefs.obj (EQep1RegsFile)

EQep2RegsFile 
*          1    00006b40    00000040     UNINITIALIZED
                  00006b40    00000040     DSP2833x_GlobalVariableDefs.obj (EQep2RegsFile)

GpioCtrlRegsFile 
*          1    00006f80    0000002e     UNINITIALIZED
                  00006f80    0000002e     DSP2833x_GlobalVariableDefs.obj (GpioCtrlRegsFile)

GpioDataRegsFile 
*          1    00006fc0    00000020     UNINITIALIZED
                  00006fc0    00000020     DSP2833x_GlobalVariableDefs.obj (GpioDataRegsFile)

GpioIntRegsFile 
*          1    00006fe0    0000000a     UNINITIALIZED
                  00006fe0    0000000a     DSP2833x_GlobalVariableDefs.obj (GpioIntRegsFile)

SysCtrlRegsFile 
*          1    00007010    00000020     UNINITIALIZED
                  00007010    00000020     DSP2833x_GlobalVariableDefs.obj (SysCtrlRegsFile)

SpiaRegsFile 
*          1    00007040    00000010     UNINITIALIZED
                  00007040    00000010     DSP2833x_GlobalVariableDefs.obj (SpiaRegsFile)

SciaRegsFile 
*          1    00007050    00000010     UNINITIALIZED
                  00007050    00000010     DSP2833x_GlobalVariableDefs.obj (SciaRegsFile)

XIntruptRegsFile 
*          1    00007070    00000010     UNINITIALIZED
                  00007070    00000010     DSP2833x_GlobalVariableDefs.obj (XIntruptRegsFile)

AdcRegsFile 
*          1    00007100    0000001e     UNINITIALIZED
                  00007100    0000001e     DSP2833x_GlobalVariableDefs.obj (AdcRegsFile)

ScibRegsFile 
*          1    00007750    00000010     UNINITIALIZED
                  00007750    00000010     DSP2833x_GlobalVariableDefs.obj (ScibRegsFile)

ScicRegsFile 
*          1    00007770    00000010     UNINITIALIZED
                  00007770    00000010     DSP2833x_GlobalVariableDefs.obj (ScicRegsFile)

I2caRegsFile 
*          1    00007900    00000022     UNINITIALIZED
                  00007900    00000022     DSP2833x_GlobalVariableDefs.obj (I2caRegsFile)

CsmPwlFile 
*          1    0033fff8    00000008     UNINITIALIZED
                  0033fff8    00000008     DSP2833x_GlobalVariableDefs.obj (CsmPwlFile)

.bss       1    0000d000    00000000     UNINITIALIZED

.ebss      1    0000d10c    0000004d     UNINITIALIZED
                  0000d10c    00000018     DSP2833x_CpuTimers.obj (.ebss)
                  0000d124    00000012     Z_OL1_data.obj (.ebss)
                  0000d136    00000008     Z_OL1.obj (.ebss)
                  0000d13e    00000002     rts2800_fpu32.lib : _lock.c.obj (.ebss:__lock)
                  0000d140    0000000c     rt_nonfinite.obj (.ebss)
                  0000d14c    00000006     rts2800_fpu32.lib : exit.c.obj (.ebss)
                  0000d152    00000003     ert_main.obj (.ebss)
                  0000d155    00000001     MW_c28xGPIO.obj (.ebss)
                  0000d156    00000002     rts2800_fpu32.lib : _lock.c.obj (.ebss:__unlock)
                  0000d158    00000001     MW_c28xGlobalInterrupts.obj (.ebss)

.cinit     0    00008000    0000003f     
                  00008000    00000015     Z_OL1_data.obj (.cinit)
                  00008015    0000000e     rts2800_fpu32.lib : exit.c.obj (.cinit)
                  00008023    00000005                       : _lock.c.obj (.cinit:__lock)
                  00008028    00000005                       : _lock.c.obj (.cinit:__unlock)
                  0000802d    00000004     MW_c28xGPIO.obj (.cinit)
                  00008031    00000004     MW_c28xGlobalInterrupts.obj (.cinit)
                  00008035    00000004     Z_OL1.obj (.cinit)
                  00008039    00000004     ert_main.obj (.cinit)
                  0000803d    00000002     --HOLE-- [fill = 0]

.pinit     0    00008000    00000000     UNINITIALIZED

.econst    1    0000d000    0000010c     
                  0000d000    00000100     DSP2833x_PieVect.obj (.econst:_PieVectTableInit)
                  0000d100    00000004     rts2800_fpu32.lib : e_fmodf.c.obj (.econst:_Zero)
                  0000d104    00000002     Z_OL1.obj (.econst)
                  0000d106    00000002     rtGetNaN.obj (.econst:_$P$T0$1)
                  0000d108    00000002     rts2800_fpu32.lib : e_fmodf.c.obj (.econst)
                  0000d10a    00000002                       : s_floorf.c.obj (.econst)

.reset     0    003fffc0    00000002     DSECT
                  003fffc0    00000002     rts2800_fpu32.lib : boot28.asm.obj (.reset)

.data      1    0000d000    00000000     UNINITIALIZED

.stack     1    00000400    00000040     UNINITIALIZED
                  00000400    00000040     --HOLE--

codestart 
*          0    00000000    00000002     
                  00000000    00000002     DSP2833x_CodeStartBranch.obj (codestart)

.TI.ramfunc 
*          0    0000803f    00000004     
                  0000803f    00000004     DSP2833x_usDelay.obj (.TI.ramfunc)

.adc_cal   0    00380080    00000007     NOLOAD SECTION
                  00380080    00000007     DSP2833x_ADC_cal.obj (.adc_cal)

PartIdRegsFile 
*          1    00000440    00000001     UNINITIALIZED
                  00000440    00000001     DSP2833x_GlobalVariableDefs.obj (PartIdRegsFile)

MODULE SUMMARY

       Module                             code   initialized data   uninitialized data
       ------                             ----   ----------------   ------------------
    <current directory>
       DSP2833x_GlobalVariableDefs.obj    0      0                  2679              
       MW_c2000ISR.obj                    1633   0                  0                 
       DSP2833x_DefaultIsr.obj            790    0                  0                 
       Z_OL1.obj                          707    6                  8                 
       DSP2833x_PieVect.obj               32     256                0                 
       DSP2833x_SysCtrl.obj               247    0                  0                 
       rt_nonfinite.obj                   146    0                  12                
       c2833xSchedulerTimer0.obj          156    0                  0                 
       DSP2833x_CpuTimers.obj             116    0                  24                
       MW_c28xx_board.obj                 132    0                  0                 
       ert_main.obj                       80     4                  3                 
       rtGetInf.obj                       68     0                  0                 
       MW_c28xx_adc.obj                   52     0                  0                 
       rtGetNaN.obj                       42     2                  0                 
       MW_c28xx_pwm.obj                   41     0                  0                 
       DSP2833x_PieCtrl.obj               40     0                  0                 
       Z_OL1_data.obj                     0      21                 18                
       MW_c28xGlobalInterrupts.obj        20     4                  1                 
       DSP2833x_Adc.obj                   20     0                  0                 
       DSP2833x_CodeStartBranch.obj       10     0                  0                 
       DSP2833x_ADC_cal.obj               7      0                  0                 
       MW_c28xGPIO.obj                    0      4                  1                 
       DSP2833x_usDelay.obj               4      0                  0                 
       c2833xBoard_Realtime_Support.obj   1      0                  0                 
    +--+----------------------------------+------+------------------+--------------------+
       Total:                             4344   297                2746              
                                                                                      
    C:/ProgramData/MATLAB/tic2000/3P.instrset/tic28xcodegentools.instrset/ti-cgt-c2000_22.6.0.LTS/lib/rts2800_fpu32.lib
       e_fmodf.c.obj                      207    6                  0                 
       s_floorf.c.obj                     89     2                  0                 
       boot28.asm.obj                     86     0                  0                 
       exit.c.obj                         41     14                 6                 
       cpy_tbl.c.obj                      36     0                  0                 
       memcpy.c.obj                       29     0                  0                 
       _lock.c.obj                        9      10                 4                 
       args_main.c.obj                    18     0                  0                 
       pre_init.c.obj                     2      0                  0                 
       startup.c.obj                      1      0                  0                 
    +--+----------------------------------+------+------------------+--------------------+
       Total:                             518    32                 10                
                                                                                      
    C:\ti\c2000\C2000Ware_5_04_00_00\libraries\math\FPUfastRTS\c28\lib\rts2800_fpu32_fast_supplement_coff.lib
       div_f32.obj                        25     0                  0                 
    +--+----------------------------------+------+------------------+--------------------+
       Total:                             25     0                  0                 
                                                                                      
       Stack:                             0      0                  64                
    +--+----------------------------------+------+------------------+--------------------+
       Grand Total:                       4887   329                2820              


GLOBAL DATA SYMBOLS: SORTED BY DATA PAGE

address     data page           name
--------    ----------------    ----
00000400      10 (00000400)     __stack

00000440      11 (00000440)     _PartIdRegs

00000880      22 (00000880)     _DevEmuRegs

00000a80      2a (00000a80)     _FlashRegs

00000ae0      2b (00000ac0)     _CsmRegs

00000b00      2c (00000b00)     _AdcMirror
00000b20      2c (00000b00)     _XintfRegs

00000c00      30 (00000c00)     _CpuTimer0Regs
00000c08      30 (00000c00)     _CpuTimer1Regs
00000c10      30 (00000c00)     _CpuTimer2Regs

00000ce0      33 (00000cc0)     _PieCtrlRegs

00000d00      34 (00000d00)     _PieVectTable

00001000      40 (00001000)     _DmaRegs

00005000     140 (00005000)     _McbspaRegs

00005040     141 (00005040)     _McbspbRegs

00006000     180 (00006000)     _ECanaRegs

00006040     181 (00006040)     _ECanaLAMRegs

00006080     182 (00006080)     _ECanaMOTSRegs

000060c0     183 (000060c0)     _ECanaMOTORegs

00006100     184 (00006100)     _ECanaMboxes

00006200     188 (00006200)     _ECanbRegs

00006240     189 (00006240)     _ECanbLAMRegs

00006280     18a (00006280)     _ECanbMOTSRegs

000062c0     18b (000062c0)     _ECanbMOTORegs

00006300     18c (00006300)     _ECanbMboxes

00006800     1a0 (00006800)     _EPwm1Regs

00006840     1a1 (00006840)     _EPwm2Regs

00006880     1a2 (00006880)     _EPwm3Regs

000068c0     1a3 (000068c0)     _EPwm4Regs

00006900     1a4 (00006900)     _EPwm5Regs

00006940     1a5 (00006940)     _EPwm6Regs

00006a00     1a8 (00006a00)     _ECap1Regs
00006a20     1a8 (00006a00)     _ECap2Regs

00006a40     1a9 (00006a40)     _ECap3Regs
00006a60     1a9 (00006a40)     _ECap4Regs

00006a80     1aa (00006a80)     _ECap5Regs
00006aa0     1aa (00006a80)     _ECap6Regs

00006b00     1ac (00006b00)     _EQep1Regs

00006b40     1ad (00006b40)     _EQep2Regs

00006f80     1be (00006f80)     _GpioCtrlRegs

00006fc0     1bf (00006fc0)     _GpioDataRegs
00006fe0     1bf (00006fc0)     _GpioIntRegs

00007010     1c0 (00007000)     _SysCtrlRegs

00007040     1c1 (00007040)     _SpiaRegs
00007050     1c1 (00007040)     _SciaRegs
00007070     1c1 (00007040)     _XIntruptRegs

00007100     1c4 (00007100)     _AdcRegs

00007750     1dd (00007740)     _ScibRegs
00007770     1dd (00007740)     _ScicRegs

00007900     1e4 (00007900)     _I2caRegs

0000d000     340 (0000d000)     _PieVectTableInit

0000d104     344 (0000d100)     _Z_OL1_M
0000d10c     344 (0000d100)     _CpuTimer0
0000d114     344 (0000d100)     _CpuTimer1
0000d11c     344 (0000d100)     _CpuTimer2
0000d124     344 (0000d100)     _Z_OL1_P
0000d136     344 (0000d100)     _MW_adcInitFlag
0000d13a     344 (0000d100)     _Z_OL1_B
0000d13e     344 (0000d100)     __lock

0000d140     345 (0000d140)     _rtInf
0000d142     345 (0000d140)     _rtMinusInf
0000d144     345 (0000d140)     _rtNaN
0000d146     345 (0000d140)     _rtInfF
0000d148     345 (0000d140)     _rtMinusInfF
0000d14a     345 (0000d140)     _rtNaNF
0000d14c     345 (0000d140)     ___TI_enable_exit_profile_output
0000d14e     345 (0000d140)     ___TI_cleanup_ptr
0000d150     345 (0000d140)     ___TI_dtors_ptr
0000d152     345 (0000d140)     _IsrOverrun
0000d153     345 (0000d140)     _stopRequested
0000d154     345 (0000d140)     _runModel
0000d155     345 (0000d140)     _GPIO_oneTimeInit
0000d156     345 (0000d140)     __unlock
0000d158     345 (0000d140)     _MW_InterruptDisableLock

0033fff8    cfff (0033ffc0)     _CsmPwl


GLOBAL SYMBOLS: SORTED ALPHABETICALLY BY Name 

page  address   name                            
----  -------   ----                            
1     0000d000  .bss                            
1     0000d000  .data                           
abs   ffffffff  .text                           
0     00009233  C$$EXIT                         
0     000092e5  FS$$DIV                         
0     0000878a  _ADCINT_ISR                     
0     00380080  _ADC_cal                        
1     00000b00  _AdcMirror                      
1     00007100  _AdcRegs                        
0     00008f92  _ConfigCpuTimer                 
1     0000d10c  _CpuTimer0                      
1     00000c00  _CpuTimer0Regs                  
1     0000d114  _CpuTimer1                      
1     00000c08  _CpuTimer1Regs                  
1     0000d11c  _CpuTimer2                      
1     00000c10  _CpuTimer2Regs                  
1     0033fff8  _CsmPwl                         
1     00000ae0  _CsmRegs                        
0     00008d43  _CsmUnlock                      
0     000086b8  _DATALOG_ISR                    
0     000088ac  _DINTCH1_ISR                    
0     000088b6  _DINTCH2_ISR                    
0     000088c0  _DINTCH3_ISR                    
0     000088ca  _DINTCH4_ISR                    
0     000088d4  _DINTCH5_ISR                    
0     000088de  _DINTCH6_ISR                    
0     0000803f  _DSP28x_usDelay                 
1     00000880  _DevEmuRegs                     
0     00008c90  _DisableDog                     
1     00001000  _DmaRegs                        
0     00008938  _ECAN0INTA_ISR                  
0     0000894c  _ECAN0INTB_ISR                  
0     00008942  _ECAN1INTA_ISR                  
0     00008956  _ECAN1INTB_ISR                  
0     00008820  _ECAP1_INT_ISR                  
0     0000882a  _ECAP2_INT_ISR                  
0     00008834  _ECAP3_INT_ISR                  
0     0000883e  _ECAP4_INT_ISR                  
0     00008848  _ECAP5_INT_ISR                  
0     00008852  _ECAP6_INT_ISR                  
1     00006040  _ECanaLAMRegs                   
1     000060c0  _ECanaMOTORegs                  
1     00006080  _ECanaMOTSRegs                  
1     00006100  _ECanaMboxes                    
1     00006000  _ECanaRegs                      
1     00006240  _ECanbLAMRegs                   
1     000062c0  _ECanbMOTORegs                  
1     00006280  _ECanbMOTSRegs                  
1     00006300  _ECanbMboxes                    
1     00006200  _ECanbRegs                      
1     00006a00  _ECap1Regs                      
1     00006a20  _ECap2Regs                      
1     00006a40  _ECap3Regs                      
1     00006a60  _ECap4Regs                      
1     00006a80  _ECap5Regs                      
1     00006aa0  _ECap6Regs                      
0     000086cc  _EMUINT_ISR                     
0     000087e4  _EPWM1_INT_ISR                  
0     000087a8  _EPWM1_TZINT_ISR                
0     000087ee  _EPWM2_INT_ISR                  
0     000087b2  _EPWM2_TZINT_ISR                
0     000087f8  _EPWM3_INT_ISR                  
0     000087bc  _EPWM3_TZINT_ISR                
0     00008802  _EPWM4_INT_ISR                  
0     000087c6  _EPWM4_TZINT_ISR                
0     0000880c  _EPWM5_INT_ISR                  
0     000087d0  _EPWM5_TZINT_ISR                
0     00008816  _EPWM6_INT_ISR                  
0     000087da  _EPWM6_TZINT_ISR                
1     00006800  _EPwm1Regs                      
1     00006840  _EPwm2Regs                      
1     00006880  _EPwm3Regs                      
1     000068c0  _EPwm4Regs                      
1     00006900  _EPwm5Regs                      
1     00006940  _EPwm6Regs                      
0     0000885c  _EQEP1_INT_ISR                  
0     00008866  _EQEP2_INT_ISR                  
1     00006b00  _EQep1Regs                      
1     00006b40  _EQep2Regs                      
0     0000927b  _EnableInterrupts               
1     00000a80  _FlashRegs                      
1     0000d155  _GPIO_oneTimeInit               
1     00006f80  _GpioCtrlRegs                   
1     00006fc0  _GpioDataRegs                   
1     00006fe0  _GpioIntRegs                    
0     00008687  _HWI_TIC28x_AcknowledgeIrq      
0     00008043  _HWI_TIC28x_ConfigureIRQ        
0     0000828e  _HWI_TIC28x_DisableIRQ          
0     00008055  _HWI_TIC28x_EnableIRQ           
0     000084de  _HWI_TIC28x_EnablePendingIRQ    
0     000088e8  _I2CINT1A_ISR                   
0     000088f2  _I2CINT2A_ISR                   
1     00007900  _I2caRegs                       
0     000086e0  _ILLEGAL_ISR                    
0     000086a4  _INT13_ISR                      
0     000086ae  _INT14_ISR                      
0     000092fe  _InitAdc                        
0     00008f59  _InitCpuTimers                  
0     00008ce8  _InitPeripheralClocks           
0     0000925c  _InitPieCtrl                    
0     000092a8  _InitPieVectTable               
0     00008c98  _InitPll                        
0     00008c7d  _InitSysCtrl                    
0     00008f3a  _InitXintf16Gpio                
1     0000d152  _IsrOverrun                     
0     0000899c  _LUF_ISR                        
0     00008992  _LVF_ISR                        
0     00008898  _MRINTA_ISR                     
0     00008884  _MRINTB_ISR                     
1     0000d158  _MW_InterruptDisableLock        
1     0000d136  _MW_adcInitFlag                 
0     000088a2  _MXINTA_ISR                     
0     0000888e  _MXINTB_ISR                     
1     00005000  _McbspaRegs                     
1     00005040  _McbspbRegs                     
0     000086d6  _NMI_ISR                        
0     000089a6  _PIE_RESERVED                   
1     00000440  _PartIdRegs                     
1     00000ce0  _PieCtrlRegs                    
1     00000d00  _PieVectTable                   
1     0000d000  _PieVectTableInit               
0     000086c2  _RTOSINT_ISR                    
0     00008910  _SCIRXINTA_ISR                  
0     00008924  _SCIRXINTB_ISR                  
0     000088fc  _SCIRXINTC_ISR                  
0     0000891a  _SCITXINTA_ISR                  
0     0000892e  _SCITXINTB_ISR                  
0     00008906  _SCITXINTC_ISR                  
0     00008b22  _SEQ1INT                        
0     00008762  _SEQ1INT_ISR                    
0     0000876c  _SEQ2INT_ISR                    
0     00008870  _SPIRXINTA_ISR                  
0     0000887a  _SPITXINTA_ISR                  
1     00007050  _SciaRegs                       
1     00007750  _ScibRegs                       
1     00007770  _ScicRegs                       
0     00008c86  _ServiceDog                     
1     00007040  _SpiaRegs                       
1     00007010  _SysCtrlRegs                    
0     00008794  _TINT0_ISR                      
0     00009124  _TINT0_isr                      
0     00008744  _USER10_ISR                     
0     0000874e  _USER11_ISR                     
0     00008758  _USER12_ISR                     
0     000086ea  _USER1_ISR                      
0     000086f4  _USER2_ISR                      
0     000086fe  _USER3_ISR                      
0     00008708  _USER4_ISR                      
0     00008712  _USER5_ISR                      
0     0000871c  _USER6_ISR                      
0     00008726  _USER7_ISR                      
0     00008730  _USER8_ISR                      
0     0000873a  _USER9_ISR                      
0     0000879e  _WAKEINT_ISR                    
0     00008776  _XINT1_ISR                      
0     00008780  _XINT2_ISR                      
0     00008960  _XINT3_ISR                      
0     0000896a  _XINT4_ISR                      
0     00008974  _XINT5_ISR                      
0     0000897e  _XINT6_ISR                      
0     00008988  _XINT7_ISR                      
1     00007070  _XIntruptRegs                   
1     00000b20  _XintfRegs                      
1     0000d13a  _Z_OL1_B                        
1     0000d104  _Z_OL1_M                        
1     0000d124  _Z_OL1_P                        
0     00008b14  _Z_OL1_configure_interrupts     
0     000089ba  _Z_OL1_initialize               
0     00008b13  _Z_OL1_terminate                
0     00008b1e  _Z_OL1_unconfigure_interrupts   
1     00000440  __STACK_END                     
abs   00000040  __STACK_SIZE                    
1     0000d14e  ___TI_cleanup_ptr               
1     0000d150  ___TI_dtors_ptr                 
1     0000d14c  ___TI_enable_exit_profile_output
abs   ffffffff  ___TI_pprof_out_hndl            
abs   ffffffff  ___TI_prof_data_size            
abs   ffffffff  ___TI_prof_data_start           
abs   ffffffff  ___binit__                      
1     0000d000  ___bss__                        
abs   ffffffff  ___c_args__                     
0     00008000  ___cinit__                      
1     0000d000  ___data__                       
1     0000d000  ___edata__                      
1     0000d000  ___end__                        
abs   ffffffff  ___etext__                      
abs   ffffffff  ___pinit__                      
abs   ffffffff  ___text__                       
0     00009326  __args_main                     
1     0000d13e  __lock                          
0     00009340  __nop                           
0     0000933c  __register_lock                 
0     00009338  __register_unlock               
1     00000400  __stack                         
0     0000934c  __system_post_cinit             
0     00009349  __system_pre_init               
1     0000d156  __unlock                        
0     00009233  _abort                          
0     0000934b  _c2000_flash_init               
0     0000907e  _c_int00                        
0     000091ac  _config_ADC_A                   
0     00009232  _config_ePWMSyncSource          
0     0000920a  _config_ePWM_GPIO               
0     0000922a  _config_ePWM_TBSync             
0     00009026  _configureTimer0                
0     00009284  _copy_in                        
0     0000905d  _disableTimer0Interrupt         
0     00009055  _enableTimer0Interrupt          
0     00009235  _exit                           
0     00008fcd  _floor                          
0     00008fcd  _floorf                         
0     00008d74  _fmod                           
0     00008d74  _fmodf                          
0     0000931e  _globalInterruptDisable         
0     00009312  _globalInterruptEnable          
0     00008ed5  _init_board                     
0     000090d5  _main                           
0     000092c8  _memcpy                         
0     00009073  _restoreTimer0Interrupt         
0     000089b0  _rsvd_ISR                       
0     00009168  _rtGetInf                       
0     00009181  _rtGetInfF                      
0     0000918a  _rtGetMinusInf                  
0     000091a3  _rtGetMinusInfF                 
0     000091e0  _rtGetNaN                       
0     000091f9  _rtGetNaNF                      
1     0000d140  _rtInf                          
1     0000d146  _rtInfF                         
0     00008e6b  _rtIsInf                        
0     00008e83  _rtIsInfF                       
0     00008e9b  _rtIsNaN                        
0     00008ebe  _rtIsNaNF                       
1     0000d142  _rtMinusInf                     
1     0000d148  _rtMinusInfF                    
1     0000d144  _rtNaN                          
1     0000d14a  _rtNaNF                         
0     00008e43  _rt_InitInfAndNaN               
0     000090d4  _rt_OneStep                     
1     0000d154  _runModel                       
1     0000d153  _stopRequested                  
abs   ffffffff  binit                           
0     00008000  cinit                           
0     00000000  code_start                      
1     0000d000  edata                           
1     0000d000  end                             
abs   ffffffff  etext                           
abs   ffffffff  pinit                           


GLOBAL SYMBOLS: SORTED BY Symbol Address 

page  address   name                            
----  -------   ----                            
0     00000000  code_start                      
0     00008000  ___cinit__                      
0     00008000  cinit                           
0     0000803f  _DSP28x_usDelay                 
0     00008043  _HWI_TIC28x_ConfigureIRQ        
0     00008055  _HWI_TIC28x_EnableIRQ           
0     0000828e  _HWI_TIC28x_DisableIRQ          
0     000084de  _HWI_TIC28x_EnablePendingIRQ    
0     00008687  _HWI_TIC28x_AcknowledgeIrq      
0     000086a4  _INT13_ISR                      
0     000086ae  _INT14_ISR                      
0     000086b8  _DATALOG_ISR                    
0     000086c2  _RTOSINT_ISR                    
0     000086cc  _EMUINT_ISR                     
0     000086d6  _NMI_ISR                        
0     000086e0  _ILLEGAL_ISR                    
0     000086ea  _USER1_ISR                      
0     000086f4  _USER2_ISR                      
0     000086fe  _USER3_ISR                      
0     00008708  _USER4_ISR                      
0     00008712  _USER5_ISR                      
0     0000871c  _USER6_ISR                      
0     00008726  _USER7_ISR                      
0     00008730  _USER8_ISR                      
0     0000873a  _USER9_ISR                      
0     00008744  _USER10_ISR                     
0     0000874e  _USER11_ISR                     
0     00008758  _USER12_ISR                     
0     00008762  _SEQ1INT_ISR                    
0     0000876c  _SEQ2INT_ISR                    
0     00008776  _XINT1_ISR                      
0     00008780  _XINT2_ISR                      
0     0000878a  _ADCINT_ISR                     
0     00008794  _TINT0_ISR                      
0     0000879e  _WAKEINT_ISR                    
0     000087a8  _EPWM1_TZINT_ISR                
0     000087b2  _EPWM2_TZINT_ISR                
0     000087bc  _EPWM3_TZINT_ISR                
0     000087c6  _EPWM4_TZINT_ISR                
0     000087d0  _EPWM5_TZINT_ISR                
0     000087da  _EPWM6_TZINT_ISR                
0     000087e4  _EPWM1_INT_ISR                  
0     000087ee  _EPWM2_INT_ISR                  
0     000087f8  _EPWM3_INT_ISR                  
0     00008802  _EPWM4_INT_ISR                  
0     0000880c  _EPWM5_INT_ISR                  
0     00008816  _EPWM6_INT_ISR                  
0     00008820  _ECAP1_INT_ISR                  
0     0000882a  _ECAP2_INT_ISR                  
0     00008834  _ECAP3_INT_ISR                  
0     0000883e  _ECAP4_INT_ISR                  
0     00008848  _ECAP5_INT_ISR                  
0     00008852  _ECAP6_INT_ISR                  
0     0000885c  _EQEP1_INT_ISR                  
0     00008866  _EQEP2_INT_ISR                  
0     00008870  _SPIRXINTA_ISR                  
0     0000887a  _SPITXINTA_ISR                  
0     00008884  _MRINTB_ISR                     
0     0000888e  _MXINTB_ISR                     
0     00008898  _MRINTA_ISR                     
0     000088a2  _MXINTA_ISR                     
0     000088ac  _DINTCH1_ISR                    
0     000088b6  _DINTCH2_ISR                    
0     000088c0  _DINTCH3_ISR                    
0     000088ca  _DINTCH4_ISR                    
0     000088d4  _DINTCH5_ISR                    
0     000088de  _DINTCH6_ISR                    
0     000088e8  _I2CINT1A_ISR                   
0     000088f2  _I2CINT2A_ISR                   
0     000088fc  _SCIRXINTC_ISR                  
0     00008906  _SCITXINTC_ISR                  
0     00008910  _SCIRXINTA_ISR                  
0     0000891a  _SCITXINTA_ISR                  
0     00008924  _SCIRXINTB_ISR                  
0     0000892e  _SCITXINTB_ISR                  
0     00008938  _ECAN0INTA_ISR                  
0     00008942  _ECAN1INTA_ISR                  
0     0000894c  _ECAN0INTB_ISR                  
0     00008956  _ECAN1INTB_ISR                  
0     00008960  _XINT3_ISR                      
0     0000896a  _XINT4_ISR                      
0     00008974  _XINT5_ISR                      
0     0000897e  _XINT6_ISR                      
0     00008988  _XINT7_ISR                      
0     00008992  _LVF_ISR                        
0     0000899c  _LUF_ISR                        
0     000089a6  _PIE_RESERVED                   
0     000089b0  _rsvd_ISR                       
0     000089ba  _Z_OL1_initialize               
0     00008b13  _Z_OL1_terminate                
0     00008b14  _Z_OL1_configure_interrupts     
0     00008b1e  _Z_OL1_unconfigure_interrupts   
0     00008b22  _SEQ1INT                        
0     00008c7d  _InitSysCtrl                    
0     00008c86  _ServiceDog                     
0     00008c90  _DisableDog                     
0     00008c98  _InitPll                        
0     00008ce8  _InitPeripheralClocks           
0     00008d43  _CsmUnlock                      
0     00008d74  _fmod                           
0     00008d74  _fmodf                          
0     00008e43  _rt_InitInfAndNaN               
0     00008e6b  _rtIsInf                        
0     00008e83  _rtIsInfF                       
0     00008e9b  _rtIsNaN                        
0     00008ebe  _rtIsNaNF                       
0     00008ed5  _init_board                     
0     00008f3a  _InitXintf16Gpio                
0     00008f59  _InitCpuTimers                  
0     00008f92  _ConfigCpuTimer                 
0     00008fcd  _floor                          
0     00008fcd  _floorf                         
0     00009026  _configureTimer0                
0     00009055  _enableTimer0Interrupt          
0     0000905d  _disableTimer0Interrupt         
0     00009073  _restoreTimer0Interrupt         
0     0000907e  _c_int00                        
0     000090d4  _rt_OneStep                     
0     000090d5  _main                           
0     00009124  _TINT0_isr                      
0     00009168  _rtGetInf                       
0     00009181  _rtGetInfF                      
0     0000918a  _rtGetMinusInf                  
0     000091a3  _rtGetMinusInfF                 
0     000091ac  _config_ADC_A                   
0     000091e0  _rtGetNaN                       
0     000091f9  _rtGetNaNF                      
0     0000920a  _config_ePWM_GPIO               
0     0000922a  _config_ePWM_TBSync             
0     00009232  _config_ePWMSyncSource          
0     00009233  C$$EXIT                         
0     00009233  _abort                          
0     00009235  _exit                           
0     0000925c  _InitPieCtrl                    
0     0000927b  _EnableInterrupts               
0     00009284  _copy_in                        
0     000092a8  _InitPieVectTable               
0     000092c8  _memcpy                         
0     000092e5  FS$$DIV                         
0     000092fe  _InitAdc                        
0     00009312  _globalInterruptEnable          
0     0000931e  _globalInterruptDisable         
0     00009326  __args_main                     
0     00009338  __register_unlock               
0     0000933c  __register_lock                 
0     00009340  __nop                           
0     00009349  __system_pre_init               
0     0000934b  _c2000_flash_init               
0     0000934c  __system_post_cinit             
0     00380080  _ADC_cal                        
1     00000400  __stack                         
1     00000440  _PartIdRegs                     
1     00000440  __STACK_END                     
1     00000880  _DevEmuRegs                     
1     00000a80  _FlashRegs                      
1     00000ae0  _CsmRegs                        
1     00000b00  _AdcMirror                      
1     00000b20  _XintfRegs                      
1     00000c00  _CpuTimer0Regs                  
1     00000c08  _CpuTimer1Regs                  
1     00000c10  _CpuTimer2Regs                  
1     00000ce0  _PieCtrlRegs                    
1     00000d00  _PieVectTable                   
1     00001000  _DmaRegs                        
1     00005000  _McbspaRegs                     
1     00005040  _McbspbRegs                     
1     00006000  _ECanaRegs                      
1     00006040  _ECanaLAMRegs                   
1     00006080  _ECanaMOTSRegs                  
1     000060c0  _ECanaMOTORegs                  
1     00006100  _ECanaMboxes                    
1     00006200  _ECanbRegs                      
1     00006240  _ECanbLAMRegs                   
1     00006280  _ECanbMOTSRegs                  
1     000062c0  _ECanbMOTORegs                  
1     00006300  _ECanbMboxes                    
1     00006800  _EPwm1Regs                      
1     00006840  _EPwm2Regs                      
1     00006880  _EPwm3Regs                      
1     000068c0  _EPwm4Regs                      
1     00006900  _EPwm5Regs                      
1     00006940  _EPwm6Regs                      
1     00006a00  _ECap1Regs                      
1     00006a20  _ECap2Regs                      
1     00006a40  _ECap3Regs                      
1     00006a60  _ECap4Regs                      
1     00006a80  _ECap5Regs                      
1     00006aa0  _ECap6Regs                      
1     00006b00  _EQep1Regs                      
1     00006b40  _EQep2Regs                      
1     00006f80  _GpioCtrlRegs                   
1     00006fc0  _GpioDataRegs                   
1     00006fe0  _GpioIntRegs                    
1     00007010  _SysCtrlRegs                    
1     00007040  _SpiaRegs                       
1     00007050  _SciaRegs                       
1     00007070  _XIntruptRegs                   
1     00007100  _AdcRegs                        
1     00007750  _ScibRegs                       
1     00007770  _ScicRegs                       
1     00007900  _I2caRegs                       
1     0000d000  .bss                            
1     0000d000  .data                           
1     0000d000  _PieVectTableInit               
1     0000d000  ___bss__                        
1     0000d000  ___data__                       
1     0000d000  ___edata__                      
1     0000d000  ___end__                        
1     0000d000  edata                           
1     0000d000  end                             
1     0000d104  _Z_OL1_M                        
1     0000d10c  _CpuTimer0                      
1     0000d114  _CpuTimer1                      
1     0000d11c  _CpuTimer2                      
1     0000d124  _Z_OL1_P                        
1     0000d136  _MW_adcInitFlag                 
1     0000d13a  _Z_OL1_B                        
1     0000d13e  __lock                          
1     0000d140  _rtInf                          
1     0000d142  _rtMinusInf                     
1     0000d144  _rtNaN                          
1     0000d146  _rtInfF                         
1     0000d148  _rtMinusInfF                    
1     0000d14a  _rtNaNF                         
1     0000d14c  ___TI_enable_exit_profile_output
1     0000d14e  ___TI_cleanup_ptr               
1     0000d150  ___TI_dtors_ptr                 
1     0000d152  _IsrOverrun                     
1     0000d153  _stopRequested                  
1     0000d154  _runModel                       
1     0000d155  _GPIO_oneTimeInit               
1     0000d156  __unlock                        
1     0000d158  _MW_InterruptDisableLock        
1     0033fff8  _CsmPwl                         
abs   00000040  __STACK_SIZE                    
abs   ffffffff  .text                           
abs   ffffffff  ___TI_pprof_out_hndl            
abs   ffffffff  ___TI_prof_data_size            
abs   ffffffff  ___TI_prof_data_start           
abs   ffffffff  ___binit__                      
abs   ffffffff  ___c_args__                     
abs   ffffffff  ___etext__                      
abs   ffffffff  ___pinit__                      
abs   ffffffff  ___text__                       
abs   ffffffff  binit                           
abs   ffffffff  etext                           
abs   ffffffff  pinit                           

[247 symbols]
