******************************************************************************
             TMS320C2000 Linker PC v22.6.0                     
******************************************************************************
>> Linked Wed Dec  4 19:00:43 2024

OUTPUT FILE NAME:   <../Z_OL1.out>
ENTRY POINT SYMBOL: "_c_int00"  address: 000090b0


MEMORY CONFIGURATION

         name            origin    length      used     unused   attr    fill
----------------------  --------  ---------  --------  --------  ----  --------
PAGE 0:
  BEGINRAM              00000000   00000002  00000002  00000000  RWIX
  RAMM0                 00000002   000003fe  00000000  000003fe  RWIX
  RAMLPRG               00008000   00005000  0000136d  00003c93  RWIX
  ZONE7P                00200000   00010000  00000000  00010000  RWIX
  FLASH                 00300000   0003fff6  00000000  0003fff6  RWIX
  BEGINFLASH            0033fff6   00000002  00000000  00000002  RWIX
  ADC_CAL               00380080   00000009  00000007  00000002  RWIX
  OTP                   00380400   00000400  00000000  00000400  RWIX
  CSM_PWL               003f7ff8   00000008  00000000  00000008  RWIX
  IQTABLES              003fe000   00000b50  00000000  00000b50  RWIX
  IQTABLES2             003feb50   0000008c  00000000  0000008c  RWIX
  FPUTABLES             003febdc   000006a0  00000000  000006a0  RWIX
  ROM                   003ff27c   00000d44  00000000  00000d44  RWIX
  RESET                 003fffc0   00000002  00000000  00000002  RWIX
  VECTORS               003fffc2   0000003e  00000000  0000003e  RWIX

PAGE 1:
  RAMM1                 00000400   00000400  00000041  000003bf  RWIX
  DEV_EMU               00000880   00000180  000000d0  000000b0  RWIX
  FLASH_REGS            00000a80   00000060  00000008  00000058  RWIX
  CSM                   00000ae0   00000010  00000010  00000000  RWIX
  ADC_MIRROR            00000b00   00000010  00000010  00000000  RWIX
  XINTF                 00000b20   00000020  0000001e  00000002  RWIX
  CPU_TIMER0            00000c00   00000008  00000008  00000000  RWIX
  CPU_TIMER1            00000c08   00000008  00000008  00000000  RWIX
  CPU_TIMER2            00000c10   00000008  00000008  00000000  RWIX
  PIE_CTRL              00000ce0   00000020  0000001a  00000006  RWIX
  PIE_VECT              00000d00   00000100  00000100  00000000  RWIX
  DMA                   00001000   00000200  000000e0  00000120  RWIX
  MCBSPA                00005000   00000040  00000025  0000001b  RWIX
  MCBSPB                00005040   00000040  00000025  0000001b  RWIX
  ECANA                 00006000   00000040  00000034  0000000c  RWIX
  ECANA_LAM             00006040   00000040  00000040  00000000  RWIX
  ECANA_MOTS            00006080   00000040  00000040  00000000  RWIX
  ECANA_MOTO            000060c0   00000040  00000040  00000000  RWIX
  ECANA_MBOX            00006100   00000100  00000100  00000000  RWIX
  ECANB                 00006200   00000040  00000034  0000000c  RWIX
  ECANB_LAM             00006240   00000040  00000040  00000000  RWIX
  ECANB_MOTS            00006280   00000040  00000040  00000000  RWIX
  ECANB_MOTO            000062c0   00000040  00000040  00000000  RWIX
  ECANB_MBOX            00006300   00000100  00000100  00000000  RWIX
  EPWM1                 00006800   00000022  00000022  00000000  RWIX
  EPWM2                 00006840   00000022  00000022  00000000  RWIX
  EPWM3                 00006880   00000022  00000022  00000000  RWIX
  EPWM4                 000068c0   00000022  00000022  00000000  RWIX
  EPWM5                 00006900   00000022  00000022  00000000  RWIX
  EPWM6                 00006940   00000022  00000022  00000000  RWIX
  ECAP1                 00006a00   00000020  00000020  00000000  RWIX
  ECAP2                 00006a20   00000020  00000020  00000000  RWIX
  ECAP3                 00006a40   00000020  00000020  00000000  RWIX
  ECAP4                 00006a60   00000020  00000020  00000000  RWIX
  ECAP5                 00006a80   00000020  00000020  00000000  RWIX
  ECAP6                 00006aa0   00000020  00000020  00000000  RWIX
  EQEP1                 00006b00   00000040  00000040  00000000  RWIX
  EQEP2                 00006b40   00000040  00000040  00000000  RWIX
  GPIOCTRL              00006f80   00000040  0000002e  00000012  RWIX
  GPIODAT               00006fc0   00000020  00000020  00000000  RWIX
  GPIOINT               00006fe0   00000020  0000000a  00000016  RWIX
  SYSTEM                00007010   00000020  00000020  00000000  RWIX
  SPIA                  00007040   00000010  00000010  00000000  RWIX
  SCIA                  00007050   00000010  00000010  00000000  RWIX
  XINTRUPT              00007070   00000010  00000010  00000000  RWIX
  ADC                   00007100   00000020  0000001e  00000002  RWIX
  SCIB                  00007750   00000010  00000010  00000000  RWIX
  SCIC                  00007770   00000010  00000010  00000000  RWIX
  I2CA                  00007900   00000040  00000022  0000001e  RWIX
  RAMLDATA              0000d000   00003000  0000017f  00002e81  RWIX
  ZONE7D                00210000   00010000  00000000  00010000  RWIX
  CSM_PWL               0033fff8   00000008  00000008  00000000  RWIX


SECTION ALLOCATION MAP

 output                                  attributes/
section   page    origin      length       input sections
--------  ----  ----------  ----------   ----------------
.text      0    00008061    0000130c     
                  00008061    00000661     MW_c2000ISR.obj (.text)
                  000086c2    00000316     DSP2833x_DefaultIsr.obj (.text:retain)
                  000089d8    0000021c     Z_OL1.obj (.text:retain)
                  00008bf4    000000f7     DSP2833x_SysCtrl.obj (.text)
                  00008ceb    000000cf     rts2800_fpu32.lib : e_fmodf.c.obj (.text)
                  00008dba    000000bb     Z_OL1.obj (.text)
                  00008e75    00000092     rt_nonfinite.obj (.text)
                  00008f07    00000084     MW_c28xx_board.obj (.text)
                  00008f8b    00000074     DSP2833x_CpuTimers.obj (.text)
                  00008fff    00000059     rts2800_fpu32.lib : s_floorf.c.obj (.text)
                  00009058    00000058     c2833xSchedulerTimer0.obj (.text)
                  000090b0    00000056     rts2800_fpu32.lib : boot28.asm.obj (.text)
                  00009106    00000050     ert_main.obj (.text)
                  00009156    00000044     c2833xSchedulerTimer0.obj (.text:retain)
                  0000919a    00000044     rtGetInf.obj (.text)
                  000091de    00000034     MW_c28xx_adc.obj (.text)
                  00009212    0000002a     rtGetNaN.obj (.text)
                  0000923c    00000029     rts2800_fpu32.lib : exit.c.obj (.text)
                  00009265    00000028     DSP2833x_PieCtrl.obj (.text)
                  0000928d    00000024     rts2800_fpu32.lib : cpy_tbl.c.obj (.text)
                  000092b1    00000020     DSP2833x_PieVect.obj (.text)
                  000092d1    0000001d     rts2800_fpu32.lib : memcpy.c.obj (.text)
                  000092ee    00000019     rts2800_fpu32_fast_supplement_coff.lib : div_f32.obj (.text)
                  00009307    00000017     MW_c28xx_pwm.obj (.text)
                  0000931e    00000014     DSP2833x_Adc.obj (.text)
                  00009332    00000014     MW_c28xGlobalInterrupts.obj (.text)
                  00009346    00000012     rts2800_fpu32.lib : args_main.c.obj (.text)
                  00009358    00000009                       : _lock.c.obj (.text)
                  00009361    00000008     DSP2833x_CodeStartBranch.obj (.text)
                  00009369    00000002     rts2800_fpu32.lib : pre_init.c.obj (.text)
                  0000936b    00000001     c2833xBoard_Realtime_Support.obj (.text)
                  0000936c    00000001     rts2800_fpu32.lib : startup.c.obj (.text)

DevEmuRegsFile 
*          1    00000880    000000d0     UNINITIALIZED
                  00000880    000000d0     DSP2833x_GlobalVariableDefs.obj (DevEmuRegsFile)

FlashRegsFile 
*          1    00000a80    00000008     UNINITIALIZED
                  00000a80    00000008     DSP2833x_GlobalVariableDefs.obj (FlashRegsFile)

CsmRegsFile 
*          1    00000ae0    00000010     UNINITIALIZED
                  00000ae0    00000010     DSP2833x_GlobalVariableDefs.obj (CsmRegsFile)

AdcMirrorFile 
*          1    00000b00    00000010     UNINITIALIZED
                  00000b00    00000010     DSP2833x_GlobalVariableDefs.obj (AdcMirrorFile)

XintfRegsFile 
*          1    00000b20    0000001e     UNINITIALIZED
                  00000b20    0000001e     DSP2833x_GlobalVariableDefs.obj (XintfRegsFile)

CpuTimer0RegsFile 
*          1    00000c00    00000008     UNINITIALIZED
                  00000c00    00000008     DSP2833x_GlobalVariableDefs.obj (CpuTimer0RegsFile)

CpuTimer1RegsFile 
*          1    00000c08    00000008     UNINITIALIZED
                  00000c08    00000008     DSP2833x_GlobalVariableDefs.obj (CpuTimer1RegsFile)

CpuTimer2RegsFile 
*          1    00000c10    00000008     UNINITIALIZED
                  00000c10    00000008     DSP2833x_GlobalVariableDefs.obj (CpuTimer2RegsFile)

PieCtrlRegsFile 
*          1    00000ce0    0000001a     UNINITIALIZED
                  00000ce0    0000001a     DSP2833x_GlobalVariableDefs.obj (PieCtrlRegsFile)

PieVectTableFile 
*          1    00000d00    00000100     UNINITIALIZED
                  00000d00    00000100     DSP2833x_GlobalVariableDefs.obj (PieVectTableFile)

DmaRegsFile 
*          1    00001000    000000e0     UNINITIALIZED
                  00001000    000000e0     DSP2833x_GlobalVariableDefs.obj (DmaRegsFile)

McbspaRegsFile 
*          1    00005000    00000025     UNINITIALIZED
                  00005000    00000025     DSP2833x_GlobalVariableDefs.obj (McbspaRegsFile)

McbspbRegsFile 
*          1    00005040    00000025     UNINITIALIZED
                  00005040    00000025     DSP2833x_GlobalVariableDefs.obj (McbspbRegsFile)

ECanaRegsFile 
*          1    00006000    00000034     UNINITIALIZED
                  00006000    00000034     DSP2833x_GlobalVariableDefs.obj (ECanaRegsFile)

ECanaLAMRegsFile 
*          1    00006040    00000040     UNINITIALIZED
                  00006040    00000040     DSP2833x_GlobalVariableDefs.obj (ECanaLAMRegsFile)

ECanaMOTSRegsFile 
*          1    00006080    00000040     UNINITIALIZED
                  00006080    00000040     DSP2833x_GlobalVariableDefs.obj (ECanaMOTSRegsFile)

ECanaMOTORegsFile 
*          1    000060c0    00000040     UNINITIALIZED
                  000060c0    00000040     DSP2833x_GlobalVariableDefs.obj (ECanaMOTORegsFile)

ECanaMboxesFile 
*          1    00006100    00000100     UNINITIALIZED
                  00006100    00000100     DSP2833x_GlobalVariableDefs.obj (ECanaMboxesFile)

ECanbRegsFile 
*          1    00006200    00000034     UNINITIALIZED
                  00006200    00000034     DSP2833x_GlobalVariableDefs.obj (ECanbRegsFile)

ECanbLAMRegsFile 
*          1    00006240    00000040     UNINITIALIZED
                  00006240    00000040     DSP2833x_GlobalVariableDefs.obj (ECanbLAMRegsFile)

ECanbMOTSRegsFile 
*          1    00006280    00000040     UNINITIALIZED
                  00006280    00000040     DSP2833x_GlobalVariableDefs.obj (ECanbMOTSRegsFile)

ECanbMOTORegsFile 
*          1    000062c0    00000040     UNINITIALIZED
                  000062c0    00000040     DSP2833x_GlobalVariableDefs.obj (ECanbMOTORegsFile)

ECanbMboxesFile 
*          1    00006300    00000100     UNINITIALIZED
                  00006300    00000100     DSP2833x_GlobalVariableDefs.obj (ECanbMboxesFile)

EPwm1RegsFile 
*          1    00006800    00000022     UNINITIALIZED
                  00006800    00000022     DSP2833x_GlobalVariableDefs.obj (EPwm1RegsFile)

EPwm2RegsFile 
*          1    00006840    00000022     UNINITIALIZED
                  00006840    00000022     DSP2833x_GlobalVariableDefs.obj (EPwm2RegsFile)

EPwm3RegsFile 
*          1    00006880    00000022     UNINITIALIZED
                  00006880    00000022     DSP2833x_GlobalVariableDefs.obj (EPwm3RegsFile)

EPwm4RegsFile 
*          1    000068c0    00000022     UNINITIALIZED
                  000068c0    00000022     DSP2833x_GlobalVariableDefs.obj (EPwm4RegsFile)

EPwm5RegsFile 
*          1    00006900    00000022     UNINITIALIZED
                  00006900    00000022     DSP2833x_GlobalVariableDefs.obj (EPwm5RegsFile)

EPwm6RegsFile 
*          1    00006940    00000022     UNINITIALIZED
                  00006940    00000022     DSP2833x_GlobalVariableDefs.obj (EPwm6RegsFile)

ECap1RegsFile 
*          1    00006a00    00000020     UNINITIALIZED
                  00006a00    00000020     DSP2833x_GlobalVariableDefs.obj (ECap1RegsFile)

ECap2RegsFile 
*          1    00006a20    00000020     UNINITIALIZED
                  00006a20    00000020     DSP2833x_GlobalVariableDefs.obj (ECap2RegsFile)

ECap3RegsFile 
*          1    00006a40    00000020     UNINITIALIZED
                  00006a40    00000020     DSP2833x_GlobalVariableDefs.obj (ECap3RegsFile)

ECap4RegsFile 
*          1    00006a60    00000020     UNINITIALIZED
                  00006a60    00000020     DSP2833x_GlobalVariableDefs.obj (ECap4RegsFile)

ECap5RegsFile 
*          1    00006a80    00000020     UNINITIALIZED
                  00006a80    00000020     DSP2833x_GlobalVariableDefs.obj (ECap5RegsFile)

ECap6RegsFile 
*          1    00006aa0    00000020     UNINITIALIZED
                  00006aa0    00000020     DSP2833x_GlobalVariableDefs.obj (ECap6RegsFile)

EQep1RegsFile 
*          1    00006b00    00000040     UNINITIALIZED
                  00006b00    00000040     DSP2833x_GlobalVariableDefs.obj (EQep1RegsFile)

EQep2RegsFile 
*          1    00006b40    00000040     UNINITIALIZED
                  00006b40    00000040     DSP2833x_GlobalVariableDefs.obj (EQep2RegsFile)

GpioCtrlRegsFile 
*          1    00006f80    0000002e     UNINITIALIZED
                  00006f80    0000002e     DSP2833x_GlobalVariableDefs.obj (GpioCtrlRegsFile)

GpioDataRegsFile 
*          1    00006fc0    00000020     UNINITIALIZED
                  00006fc0    00000020     DSP2833x_GlobalVariableDefs.obj (GpioDataRegsFile)

GpioIntRegsFile 
*          1    00006fe0    0000000a     UNINITIALIZED
                  00006fe0    0000000a     DSP2833x_GlobalVariableDefs.obj (GpioIntRegsFile)

SysCtrlRegsFile 
*          1    00007010    00000020     UNINITIALIZED
                  00007010    00000020     DSP2833x_GlobalVariableDefs.obj (SysCtrlRegsFile)

SpiaRegsFile 
*          1    00007040    00000010     UNINITIALIZED
                  00007040    00000010     DSP2833x_GlobalVariableDefs.obj (SpiaRegsFile)

SciaRegsFile 
*          1    00007050    00000010     UNINITIALIZED
                  00007050    00000010     DSP2833x_GlobalVariableDefs.obj (SciaRegsFile)

XIntruptRegsFile 
*          1    00007070    00000010     UNINITIALIZED
                  00007070    00000010     DSP2833x_GlobalVariableDefs.obj (XIntruptRegsFile)

AdcRegsFile 
*          1    00007100    0000001e     UNINITIALIZED
                  00007100    0000001e     DSP2833x_GlobalVariableDefs.obj (AdcRegsFile)

ScibRegsFile 
*          1    00007750    00000010     UNINITIALIZED
                  00007750    00000010     DSP2833x_GlobalVariableDefs.obj (ScibRegsFile)

ScicRegsFile 
*          1    00007770    00000010     UNINITIALIZED
                  00007770    00000010     DSP2833x_GlobalVariableDefs.obj (ScicRegsFile)

I2caRegsFile 
*          1    00007900    00000022     UNINITIALIZED
                  00007900    00000022     DSP2833x_GlobalVariableDefs.obj (I2caRegsFile)

CsmPwlFile 
*          1    0033fff8    00000008     UNINITIALIZED
                  0033fff8    00000008     DSP2833x_GlobalVariableDefs.obj (CsmPwlFile)

.bss       1    0000d000    00000000     UNINITIALIZED

.ebss      1    0000d10c    00000073     UNINITIALIZED
                  0000d10c    00000030     Z_OL1_data.obj (.ebss)
                  0000d13c    00000003     ert_main.obj (.ebss)
                  0000d13f    00000001     MW_c28xGPIO.obj (.ebss)
                  0000d140    00000018     DSP2833x_CpuTimers.obj (.ebss)
                  0000d158    00000010     Z_OL1.obj (.ebss)
                  0000d168    0000000c     rt_nonfinite.obj (.ebss)
                  0000d174    00000006     rts2800_fpu32.lib : exit.c.obj (.ebss)
                  0000d17a    00000002                       : _lock.c.obj (.ebss:__lock)
                  0000d17c    00000002                       : _lock.c.obj (.ebss:__unlock)
                  0000d17e    00000001     MW_c28xGlobalInterrupts.obj (.ebss)

.cinit     0    00008000    0000005d     
                  00008000    00000033     Z_OL1_data.obj (.cinit)
                  00008033    0000000e     rts2800_fpu32.lib : exit.c.obj (.cinit)
                  00008041    00000005                       : _lock.c.obj (.cinit:__lock)
                  00008046    00000005                       : _lock.c.obj (.cinit:__unlock)
                  0000804b    00000004     MW_c28xGPIO.obj (.cinit)
                  0000804f    00000004     MW_c28xGlobalInterrupts.obj (.cinit)
                  00008053    00000004     Z_OL1.obj (.cinit)
                  00008057    00000004     ert_main.obj (.cinit)
                  0000805b    00000002     --HOLE-- [fill = 0]

.pinit     0    00008000    00000000     UNINITIALIZED

.econst    1    0000d000    0000010c     
                  0000d000    00000100     DSP2833x_PieVect.obj (.econst:_PieVectTableInit)
                  0000d100    00000004     rts2800_fpu32.lib : e_fmodf.c.obj (.econst:_Zero)
                  0000d104    00000002     Z_OL1.obj (.econst)
                  0000d106    00000002     rtGetNaN.obj (.econst:_$P$T0$1)
                  0000d108    00000002     rts2800_fpu32.lib : e_fmodf.c.obj (.econst)
                  0000d10a    00000002                       : s_floorf.c.obj (.econst)

.reset     0    003fffc0    00000002     DSECT
                  003fffc0    00000002     rts2800_fpu32.lib : boot28.asm.obj (.reset)

.data      1    0000d000    00000000     UNINITIALIZED

.stack     1    00000400    00000040     UNINITIALIZED
                  00000400    00000040     --HOLE--

codestart 
*          0    00000000    00000002     
                  00000000    00000002     DSP2833x_CodeStartBranch.obj (codestart)

.TI.ramfunc 
*          0    0000805d    00000004     
                  0000805d    00000004     DSP2833x_usDelay.obj (.TI.ramfunc)

.adc_cal   0    00380080    00000007     NOLOAD SECTION
                  00380080    00000007     DSP2833x_ADC_cal.obj (.adc_cal)

PartIdRegsFile 
*          1    00000440    00000001     UNINITIALIZED
                  00000440    00000001     DSP2833x_GlobalVariableDefs.obj (PartIdRegsFile)

MODULE SUMMARY

       Module                             code   initialized data   uninitialized data
       ------                             ----   ----------------   ------------------
    <current directory>
       DSP2833x_GlobalVariableDefs.obj    0      0                  2679              
       MW_c2000ISR.obj                    1633   0                  0                 
       DSP2833x_DefaultIsr.obj            790    0                  0                 
       Z_OL1.obj                          727    6                  16                
       DSP2833x_PieVect.obj               32     256                0                 
       DSP2833x_SysCtrl.obj               247    0                  0                 
       rt_nonfinite.obj                   146    0                  12                
       c2833xSchedulerTimer0.obj          156    0                  0                 
       DSP2833x_CpuTimers.obj             116    0                  24                
       MW_c28xx_board.obj                 132    0                  0                 
       Z_OL1_data.obj                     0      51                 48                
       ert_main.obj                       80     4                  3                 
       rtGetInf.obj                       68     0                  0                 
       MW_c28xx_adc.obj                   52     0                  0                 
       rtGetNaN.obj                       42     2                  0                 
       DSP2833x_PieCtrl.obj               40     0                  0                 
       MW_c28xGlobalInterrupts.obj        20     4                  1                 
       MW_c28xx_pwm.obj                   23     0                  0                 
       DSP2833x_Adc.obj                   20     0                  0                 
       DSP2833x_CodeStartBranch.obj       10     0                  0                 
       DSP2833x_ADC_cal.obj               7      0                  0                 
       MW_c28xGPIO.obj                    0      4                  1                 
       DSP2833x_usDelay.obj               4      0                  0                 
       c2833xBoard_Realtime_Support.obj   1      0                  0                 
    +--+----------------------------------+------+------------------+--------------------+
       Total:                             4346   327                2784              
                                                                                      
    C:/ProgramData/MATLAB/tic2000/3P.instrset/tic28xcodegentools.instrset/ti-cgt-c2000_22.6.0.LTS/lib/rts2800_fpu32.lib
       e_fmodf.c.obj                      207    6                  0                 
       s_floorf.c.obj                     89     2                  0                 
       boot28.asm.obj                     86     0                  0                 
       exit.c.obj                         41     14                 6                 
       cpy_tbl.c.obj                      36     0                  0                 
       memcpy.c.obj                       29     0                  0                 
       _lock.c.obj                        9      10                 4                 
       args_main.c.obj                    18     0                  0                 
       pre_init.c.obj                     2      0                  0                 
       startup.c.obj                      1      0                  0                 
    +--+----------------------------------+------+------------------+--------------------+
       Total:                             518    32                 10                
                                                                                      
    C:\ti\c2000\C2000Ware_5_04_00_00\libraries\math\FPUfastRTS\c28\lib\rts2800_fpu32_fast_supplement_coff.lib
       div_f32.obj                        25     0                  0                 
    +--+----------------------------------+------+------------------+--------------------+
       Total:                             25     0                  0                 
                                                                                      
       Stack:                             0      0                  64                
    +--+----------------------------------+------+------------------+--------------------+
       Grand Total:                       4889   359                2858              


GLOBAL DATA SYMBOLS: SORTED BY DATA PAGE

address     data page           name
--------    ----------------    ----
00000400      10 (00000400)     __stack

00000440      11 (00000440)     _PartIdRegs

00000880      22 (00000880)     _DevEmuRegs

00000a80      2a (00000a80)     _FlashRegs

00000ae0      2b (00000ac0)     _CsmRegs

00000b00      2c (00000b00)     _AdcMirror
00000b20      2c (00000b00)     _XintfRegs

00000c00      30 (00000c00)     _CpuTimer0Regs
00000c08      30 (00000c00)     _CpuTimer1Regs
00000c10      30 (00000c00)     _CpuTimer2Regs

00000ce0      33 (00000cc0)     _PieCtrlRegs

00000d00      34 (00000d00)     _PieVectTable

00001000      40 (00001000)     _DmaRegs

00005000     140 (00005000)     _McbspaRegs

00005040     141 (00005040)     _McbspbRegs

00006000     180 (00006000)     _ECanaRegs

00006040     181 (00006040)     _ECanaLAMRegs

00006080     182 (00006080)     _ECanaMOTSRegs

000060c0     183 (000060c0)     _ECanaMOTORegs

00006100     184 (00006100)     _ECanaMboxes

00006200     188 (00006200)     _ECanbRegs

00006240     189 (00006240)     _ECanbLAMRegs

00006280     18a (00006280)     _ECanbMOTSRegs

000062c0     18b (000062c0)     _ECanbMOTORegs

00006300     18c (00006300)     _ECanbMboxes

00006800     1a0 (00006800)     _EPwm1Regs

00006840     1a1 (00006840)     _EPwm2Regs

00006880     1a2 (00006880)     _EPwm3Regs

000068c0     1a3 (000068c0)     _EPwm4Regs

00006900     1a4 (00006900)     _EPwm5Regs

00006940     1a5 (00006940)     _EPwm6Regs

00006a00     1a8 (00006a00)     _ECap1Regs
00006a20     1a8 (00006a00)     _ECap2Regs

00006a40     1a9 (00006a40)     _ECap3Regs
00006a60     1a9 (00006a40)     _ECap4Regs

00006a80     1aa (00006a80)     _ECap5Regs
00006aa0     1aa (00006a80)     _ECap6Regs

00006b00     1ac (00006b00)     _EQep1Regs

00006b40     1ad (00006b40)     _EQep2Regs

00006f80     1be (00006f80)     _GpioCtrlRegs

00006fc0     1bf (00006fc0)     _GpioDataRegs
00006fe0     1bf (00006fc0)     _GpioIntRegs

00007010     1c0 (00007000)     _SysCtrlRegs

00007040     1c1 (00007040)     _SpiaRegs
00007050     1c1 (00007040)     _SciaRegs
00007070     1c1 (00007040)     _XIntruptRegs

00007100     1c4 (00007100)     _AdcRegs

00007750     1dd (00007740)     _ScibRegs
00007770     1dd (00007740)     _ScicRegs

00007900     1e4 (00007900)     _I2caRegs

0000d000     340 (0000d000)     _PieVectTableInit

0000d104     344 (0000d100)     _Z_OL1_M
0000d10c     344 (0000d100)     _Z_OL1_P
0000d13c     344 (0000d100)     _IsrOverrun
0000d13d     344 (0000d100)     _stopRequested
0000d13e     344 (0000d100)     _runModel
0000d13f     344 (0000d100)     _GPIO_oneTimeInit

0000d140     345 (0000d140)     _CpuTimer0
0000d148     345 (0000d140)     _CpuTimer1
0000d150     345 (0000d140)     _CpuTimer2
0000d158     345 (0000d140)     _MW_adcInitFlag
0000d15c     345 (0000d140)     _Z_OL1_B
0000d160     345 (0000d140)     _Z_OL1_DW
0000d168     345 (0000d140)     _rtInf
0000d16a     345 (0000d140)     _rtMinusInf
0000d16c     345 (0000d140)     _rtNaN
0000d16e     345 (0000d140)     _rtInfF
0000d170     345 (0000d140)     _rtMinusInfF
0000d172     345 (0000d140)     _rtNaNF
0000d174     345 (0000d140)     ___TI_enable_exit_profile_output
0000d176     345 (0000d140)     ___TI_cleanup_ptr
0000d178     345 (0000d140)     ___TI_dtors_ptr
0000d17a     345 (0000d140)     __lock
0000d17c     345 (0000d140)     __unlock
0000d17e     345 (0000d140)     _MW_InterruptDisableLock

0033fff8    cfff (0033ffc0)     _CsmPwl


GLOBAL SYMBOLS: SORTED ALPHABETICALLY BY Name 

page  address   name                            
----  -------   ----                            
1     0000d000  .bss                            
1     0000d000  .data                           
abs   ffffffff  .text                           
0     0000923c  C$$EXIT                         
0     000092ee  FS$$DIV                         
0     000087a8  _ADCINT_ISR                     
0     00380080  _ADC_cal                        
1     00000b00  _AdcMirror                      
1     00007100  _AdcRegs                        
0     00008fc4  _ConfigCpuTimer                 
1     0000d140  _CpuTimer0                      
1     00000c00  _CpuTimer0Regs                  
1     0000d148  _CpuTimer1                      
1     00000c08  _CpuTimer1Regs                  
1     0000d150  _CpuTimer2                      
1     00000c10  _CpuTimer2Regs                  
1     0033fff8  _CsmPwl                         
1     00000ae0  _CsmRegs                        
0     00008cba  _CsmUnlock                      
0     000086d6  _DATALOG_ISR                    
0     000088ca  _DINTCH1_ISR                    
0     000088d4  _DINTCH2_ISR                    
0     000088de  _DINTCH3_ISR                    
0     000088e8  _DINTCH4_ISR                    
0     000088f2  _DINTCH5_ISR                    
0     000088fc  _DINTCH6_ISR                    
0     0000805d  _DSP28x_usDelay                 
1     00000880  _DevEmuRegs                     
0     00008c07  _DisableDog                     
1     00001000  _DmaRegs                        
0     00008956  _ECAN0INTA_ISR                  
0     0000896a  _ECAN0INTB_ISR                  
0     00008960  _ECAN1INTA_ISR                  
0     00008974  _ECAN1INTB_ISR                  
0     0000883e  _ECAP1_INT_ISR                  
0     00008848  _ECAP2_INT_ISR                  
0     00008852  _ECAP3_INT_ISR                  
0     0000885c  _ECAP4_INT_ISR                  
0     00008866  _ECAP5_INT_ISR                  
0     00008870  _ECAP6_INT_ISR                  
1     00006040  _ECanaLAMRegs                   
1     000060c0  _ECanaMOTORegs                  
1     00006080  _ECanaMOTSRegs                  
1     00006100  _ECanaMboxes                    
1     00006000  _ECanaRegs                      
1     00006240  _ECanbLAMRegs                   
1     000062c0  _ECanbMOTORegs                  
1     00006280  _ECanbMOTSRegs                  
1     00006300  _ECanbMboxes                    
1     00006200  _ECanbRegs                      
1     00006a00  _ECap1Regs                      
1     00006a20  _ECap2Regs                      
1     00006a40  _ECap3Regs                      
1     00006a60  _ECap4Regs                      
1     00006a80  _ECap5Regs                      
1     00006aa0  _ECap6Regs                      
0     000086ea  _EMUINT_ISR                     
0     00008802  _EPWM1_INT_ISR                  
0     000087c6  _EPWM1_TZINT_ISR                
0     0000880c  _EPWM2_INT_ISR                  
0     000087d0  _EPWM2_TZINT_ISR                
0     00008816  _EPWM3_INT_ISR                  
0     000087da  _EPWM3_TZINT_ISR                
0     00008820  _EPWM4_INT_ISR                  
0     000087e4  _EPWM4_TZINT_ISR                
0     0000882a  _EPWM5_INT_ISR                  
0     000087ee  _EPWM5_TZINT_ISR                
0     00008834  _EPWM6_INT_ISR                  
0     000087f8  _EPWM6_TZINT_ISR                
1     00006800  _EPwm1Regs                      
1     00006840  _EPwm2Regs                      
1     00006880  _EPwm3Regs                      
1     000068c0  _EPwm4Regs                      
1     00006900  _EPwm5Regs                      
1     00006940  _EPwm6Regs                      
0     0000887a  _EQEP1_INT_ISR                  
0     00008884  _EQEP2_INT_ISR                  
1     00006b00  _EQep1Regs                      
1     00006b40  _EQep2Regs                      
0     00009284  _EnableInterrupts               
1     00000a80  _FlashRegs                      
1     0000d13f  _GPIO_oneTimeInit               
1     00006f80  _GpioCtrlRegs                   
1     00006fc0  _GpioDataRegs                   
1     00006fe0  _GpioIntRegs                    
0     000086a5  _HWI_TIC28x_AcknowledgeIrq      
0     00008061  _HWI_TIC28x_ConfigureIRQ        
0     000082ac  _HWI_TIC28x_DisableIRQ          
0     00008073  _HWI_TIC28x_EnableIRQ           
0     000084fc  _HWI_TIC28x_EnablePendingIRQ    
0     00008906  _I2CINT1A_ISR                   
0     00008910  _I2CINT2A_ISR                   
1     00007900  _I2caRegs                       
0     000086fe  _ILLEGAL_ISR                    
0     000086c2  _INT13_ISR                      
0     000086cc  _INT14_ISR                      
0     0000931e  _InitAdc                        
0     00008f8b  _InitCpuTimers                  
0     00008c5f  _InitPeripheralClocks           
0     00009265  _InitPieCtrl                    
0     000092b1  _InitPieVectTable               
0     00008c0f  _InitPll                        
0     00008bf4  _InitSysCtrl                    
0     00008f6c  _InitXintf16Gpio                
1     0000d13c  _IsrOverrun                     
0     000089ba  _LUF_ISR                        
0     000089b0  _LVF_ISR                        
0     000088b6  _MRINTA_ISR                     
0     000088a2  _MRINTB_ISR                     
1     0000d17e  _MW_InterruptDisableLock        
1     0000d158  _MW_adcInitFlag                 
0     000088c0  _MXINTA_ISR                     
0     000088ac  _MXINTB_ISR                     
1     00005000  _McbspaRegs                     
1     00005040  _McbspbRegs                     
0     000086f4  _NMI_ISR                        
0     000089c4  _PIE_RESERVED                   
1     00000440  _PartIdRegs                     
1     00000ce0  _PieCtrlRegs                    
1     00000d00  _PieVectTable                   
1     0000d000  _PieVectTableInit               
0     000086e0  _RTOSINT_ISR                    
0     0000892e  _SCIRXINTA_ISR                  
0     00008942  _SCIRXINTB_ISR                  
0     0000891a  _SCIRXINTC_ISR                  
0     00008938  _SCITXINTA_ISR                  
0     0000894c  _SCITXINTB_ISR                  
0     00008924  _SCITXINTC_ISR                  
0     000089d8  _SEQ1INT                        
0     00008780  _SEQ1INT_ISR                    
0     0000878a  _SEQ2INT_ISR                    
0     0000888e  _SPIRXINTA_ISR                  
0     00008898  _SPITXINTA_ISR                  
1     00007050  _SciaRegs                       
1     00007750  _ScibRegs                       
1     00007770  _ScicRegs                       
0     00008bfd  _ServiceDog                     
1     00007040  _SpiaRegs                       
1     00007010  _SysCtrlRegs                    
0     000087b2  _TINT0_ISR                      
0     00009156  _TINT0_isr                      
0     00008762  _USER10_ISR                     
0     0000876c  _USER11_ISR                     
0     00008776  _USER12_ISR                     
0     00008708  _USER1_ISR                      
0     00008712  _USER2_ISR                      
0     0000871c  _USER3_ISR                      
0     00008726  _USER4_ISR                      
0     00008730  _USER5_ISR                      
0     0000873a  _USER6_ISR                      
0     00008744  _USER7_ISR                      
0     0000874e  _USER8_ISR                      
0     00008758  _USER9_ISR                      
0     000087bc  _WAKEINT_ISR                    
0     00008794  _XINT1_ISR                      
0     0000879e  _XINT2_ISR                      
0     0000897e  _XINT3_ISR                      
0     00008988  _XINT4_ISR                      
0     00008992  _XINT5_ISR                      
0     0000899c  _XINT6_ISR                      
0     000089a6  _XINT7_ISR                      
1     00007070  _XIntruptRegs                   
1     00000b20  _XintfRegs                      
1     0000d15c  _Z_OL1_B                        
1     0000d160  _Z_OL1_DW                       
1     0000d104  _Z_OL1_M                        
1     0000d10c  _Z_OL1_P                        
0     00008e67  _Z_OL1_configure_interrupts     
0     00008dba  _Z_OL1_initialize               
0     00008e66  _Z_OL1_terminate                
0     00008e71  _Z_OL1_unconfigure_interrupts   
1     00000440  __STACK_END                     
abs   00000040  __STACK_SIZE                    
1     0000d176  ___TI_cleanup_ptr               
1     0000d178  ___TI_dtors_ptr                 
1     0000d174  ___TI_enable_exit_profile_output
abs   ffffffff  ___TI_pprof_out_hndl            
abs   ffffffff  ___TI_prof_data_size            
abs   ffffffff  ___TI_prof_data_start           
abs   ffffffff  ___binit__                      
1     0000d000  ___bss__                        
abs   ffffffff  ___c_args__                     
0     00008000  ___cinit__                      
1     0000d000  ___data__                       
1     0000d000  ___edata__                      
1     0000d000  ___end__                        
abs   ffffffff  ___etext__                      
abs   ffffffff  ___pinit__                      
abs   ffffffff  ___text__                       
0     00009346  __args_main                     
1     0000d17a  __lock                          
0     00009360  __nop                           
0     0000935c  __register_lock                 
0     00009358  __register_unlock               
1     00000400  __stack                         
0     0000936c  __system_post_cinit             
0     00009369  __system_pre_init               
1     0000d17c  __unlock                        
0     0000923c  _abort                          
0     0000936b  _c2000_flash_init               
0     000090b0  _c_int00                        
0     000091de  _config_ADC_A                   
0     0000931d  _config_ePWMSyncSource          
0     00009307  _config_ePWM_GPIO               
0     00009315  _config_ePWM_TBSync             
0     00009058  _configureTimer0                
0     0000928d  _copy_in                        
0     0000908f  _disableTimer0Interrupt         
0     00009087  _enableTimer0Interrupt          
0     0000923e  _exit                           
0     00008fff  _floor                          
0     00008fff  _floorf                         
0     00008ceb  _fmod                           
0     00008ceb  _fmodf                          
0     0000933e  _globalInterruptDisable         
0     00009332  _globalInterruptEnable          
0     00008f07  _init_board                     
0     00009107  _main                           
0     000092d1  _memcpy                         
0     000090a5  _restoreTimer0Interrupt         
0     000089ce  _rsvd_ISR                       
0     0000919a  _rtGetInf                       
0     000091b3  _rtGetInfF                      
0     000091bc  _rtGetMinusInf                  
0     000091d5  _rtGetMinusInfF                 
0     00009212  _rtGetNaN                       
0     0000922b  _rtGetNaNF                      
1     0000d168  _rtInf                          
1     0000d16e  _rtInfF                         
0     00008e9d  _rtIsInf                        
0     00008eb5  _rtIsInfF                       
0     00008ecd  _rtIsNaN                        
0     00008ef0  _rtIsNaNF                       
1     0000d16a  _rtMinusInf                     
1     0000d170  _rtMinusInfF                    
1     0000d16c  _rtNaN                          
1     0000d172  _rtNaNF                         
0     00008e75  _rt_InitInfAndNaN               
0     00009106  _rt_OneStep                     
1     0000d13e  _runModel                       
1     0000d13d  _stopRequested                  
abs   ffffffff  binit                           
0     00008000  cinit                           
0     00000000  code_start                      
1     0000d000  edata                           
1     0000d000  end                             
abs   ffffffff  etext                           
abs   ffffffff  pinit                           


GLOBAL SYMBOLS: SORTED BY Symbol Address 

page  address   name                            
----  -------   ----                            
0     00000000  code_start                      
0     00008000  ___cinit__                      
0     00008000  cinit                           
0     0000805d  _DSP28x_usDelay                 
0     00008061  _HWI_TIC28x_ConfigureIRQ        
0     00008073  _HWI_TIC28x_EnableIRQ           
0     000082ac  _HWI_TIC28x_DisableIRQ          
0     000084fc  _HWI_TIC28x_EnablePendingIRQ    
0     000086a5  _HWI_TIC28x_AcknowledgeIrq      
0     000086c2  _INT13_ISR                      
0     000086cc  _INT14_ISR                      
0     000086d6  _DATALOG_ISR                    
0     000086e0  _RTOSINT_ISR                    
0     000086ea  _EMUINT_ISR                     
0     000086f4  _NMI_ISR                        
0     000086fe  _ILLEGAL_ISR                    
0     00008708  _USER1_ISR                      
0     00008712  _USER2_ISR                      
0     0000871c  _USER3_ISR                      
0     00008726  _USER4_ISR                      
0     00008730  _USER5_ISR                      
0     0000873a  _USER6_ISR                      
0     00008744  _USER7_ISR                      
0     0000874e  _USER8_ISR                      
0     00008758  _USER9_ISR                      
0     00008762  _USER10_ISR                     
0     0000876c  _USER11_ISR                     
0     00008776  _USER12_ISR                     
0     00008780  _SEQ1INT_ISR                    
0     0000878a  _SEQ2INT_ISR                    
0     00008794  _XINT1_ISR                      
0     0000879e  _XINT2_ISR                      
0     000087a8  _ADCINT_ISR                     
0     000087b2  _TINT0_ISR                      
0     000087bc  _WAKEINT_ISR                    
0     000087c6  _EPWM1_TZINT_ISR                
0     000087d0  _EPWM2_TZINT_ISR                
0     000087da  _EPWM3_TZINT_ISR                
0     000087e4  _EPWM4_TZINT_ISR                
0     000087ee  _EPWM5_TZINT_ISR                
0     000087f8  _EPWM6_TZINT_ISR                
0     00008802  _EPWM1_INT_ISR                  
0     0000880c  _EPWM2_INT_ISR                  
0     00008816  _EPWM3_INT_ISR                  
0     00008820  _EPWM4_INT_ISR                  
0     0000882a  _EPWM5_INT_ISR                  
0     00008834  _EPWM6_INT_ISR                  
0     0000883e  _ECAP1_INT_ISR                  
0     00008848  _ECAP2_INT_ISR                  
0     00008852  _ECAP3_INT_ISR                  
0     0000885c  _ECAP4_INT_ISR                  
0     00008866  _ECAP5_INT_ISR                  
0     00008870  _ECAP6_INT_ISR                  
0     0000887a  _EQEP1_INT_ISR                  
0     00008884  _EQEP2_INT_ISR                  
0     0000888e  _SPIRXINTA_ISR                  
0     00008898  _SPITXINTA_ISR                  
0     000088a2  _MRINTB_ISR                     
0     000088ac  _MXINTB_ISR                     
0     000088b6  _MRINTA_ISR                     
0     000088c0  _MXINTA_ISR                     
0     000088ca  _DINTCH1_ISR                    
0     000088d4  _DINTCH2_ISR                    
0     000088de  _DINTCH3_ISR                    
0     000088e8  _DINTCH4_ISR                    
0     000088f2  _DINTCH5_ISR                    
0     000088fc  _DINTCH6_ISR                    
0     00008906  _I2CINT1A_ISR                   
0     00008910  _I2CINT2A_ISR                   
0     0000891a  _SCIRXINTC_ISR                  
0     00008924  _SCITXINTC_ISR                  
0     0000892e  _SCIRXINTA_ISR                  
0     00008938  _SCITXINTA_ISR                  
0     00008942  _SCIRXINTB_ISR                  
0     0000894c  _SCITXINTB_ISR                  
0     00008956  _ECAN0INTA_ISR                  
0     00008960  _ECAN1INTA_ISR                  
0     0000896a  _ECAN0INTB_ISR                  
0     00008974  _ECAN1INTB_ISR                  
0     0000897e  _XINT3_ISR                      
0     00008988  _XINT4_ISR                      
0     00008992  _XINT5_ISR                      
0     0000899c  _XINT6_ISR                      
0     000089a6  _XINT7_ISR                      
0     000089b0  _LVF_ISR                        
0     000089ba  _LUF_ISR                        
0     000089c4  _PIE_RESERVED                   
0     000089ce  _rsvd_ISR                       
0     000089d8  _SEQ1INT                        
0     00008bf4  _InitSysCtrl                    
0     00008bfd  _ServiceDog                     
0     00008c07  _DisableDog                     
0     00008c0f  _InitPll                        
0     00008c5f  _InitPeripheralClocks           
0     00008cba  _CsmUnlock                      
0     00008ceb  _fmod                           
0     00008ceb  _fmodf                          
0     00008dba  _Z_OL1_initialize               
0     00008e66  _Z_OL1_terminate                
0     00008e67  _Z_OL1_configure_interrupts     
0     00008e71  _Z_OL1_unconfigure_interrupts   
0     00008e75  _rt_InitInfAndNaN               
0     00008e9d  _rtIsInf                        
0     00008eb5  _rtIsInfF                       
0     00008ecd  _rtIsNaN                        
0     00008ef0  _rtIsNaNF                       
0     00008f07  _init_board                     
0     00008f6c  _InitXintf16Gpio                
0     00008f8b  _InitCpuTimers                  
0     00008fc4  _ConfigCpuTimer                 
0     00008fff  _floor                          
0     00008fff  _floorf                         
0     00009058  _configureTimer0                
0     00009087  _enableTimer0Interrupt          
0     0000908f  _disableTimer0Interrupt         
0     000090a5  _restoreTimer0Interrupt         
0     000090b0  _c_int00                        
0     00009106  _rt_OneStep                     
0     00009107  _main                           
0     00009156  _TINT0_isr                      
0     0000919a  _rtGetInf                       
0     000091b3  _rtGetInfF                      
0     000091bc  _rtGetMinusInf                  
0     000091d5  _rtGetMinusInfF                 
0     000091de  _config_ADC_A                   
0     00009212  _rtGetNaN                       
0     0000922b  _rtGetNaNF                      
0     0000923c  C$$EXIT                         
0     0000923c  _abort                          
0     0000923e  _exit                           
0     00009265  _InitPieCtrl                    
0     00009284  _EnableInterrupts               
0     0000928d  _copy_in                        
0     000092b1  _InitPieVectTable               
0     000092d1  _memcpy                         
0     000092ee  FS$$DIV                         
0     00009307  _config_ePWM_GPIO               
0     00009315  _config_ePWM_TBSync             
0     0000931d  _config_ePWMSyncSource          
0     0000931e  _InitAdc                        
0     00009332  _globalInterruptEnable          
0     0000933e  _globalInterruptDisable         
0     00009346  __args_main                     
0     00009358  __register_unlock               
0     0000935c  __register_lock                 
0     00009360  __nop                           
0     00009369  __system_pre_init               
0     0000936b  _c2000_flash_init               
0     0000936c  __system_post_cinit             
0     00380080  _ADC_cal                        
1     00000400  __stack                         
1     00000440  _PartIdRegs                     
1     00000440  __STACK_END                     
1     00000880  _DevEmuRegs                     
1     00000a80  _FlashRegs                      
1     00000ae0  _CsmRegs                        
1     00000b00  _AdcMirror                      
1     00000b20  _XintfRegs                      
1     00000c00  _CpuTimer0Regs                  
1     00000c08  _CpuTimer1Regs                  
1     00000c10  _CpuTimer2Regs                  
1     00000ce0  _PieCtrlRegs                    
1     00000d00  _PieVectTable                   
1     00001000  _DmaRegs                        
1     00005000  _McbspaRegs                     
1     00005040  _McbspbRegs                     
1     00006000  _ECanaRegs                      
1     00006040  _ECanaLAMRegs                   
1     00006080  _ECanaMOTSRegs                  
1     000060c0  _ECanaMOTORegs                  
1     00006100  _ECanaMboxes                    
1     00006200  _ECanbRegs                      
1     00006240  _ECanbLAMRegs                   
1     00006280  _ECanbMOTSRegs                  
1     000062c0  _ECanbMOTORegs                  
1     00006300  _ECanbMboxes                    
1     00006800  _EPwm1Regs                      
1     00006840  _EPwm2Regs                      
1     00006880  _EPwm3Regs                      
1     000068c0  _EPwm4Regs                      
1     00006900  _EPwm5Regs                      
1     00006940  _EPwm6Regs                      
1     00006a00  _ECap1Regs                      
1     00006a20  _ECap2Regs                      
1     00006a40  _ECap3Regs                      
1     00006a60  _ECap4Regs                      
1     00006a80  _ECap5Regs                      
1     00006aa0  _ECap6Regs                      
1     00006b00  _EQep1Regs                      
1     00006b40  _EQep2Regs                      
1     00006f80  _GpioCtrlRegs                   
1     00006fc0  _GpioDataRegs                   
1     00006fe0  _GpioIntRegs                    
1     00007010  _SysCtrlRegs                    
1     00007040  _SpiaRegs                       
1     00007050  _SciaRegs                       
1     00007070  _XIntruptRegs                   
1     00007100  _AdcRegs                        
1     00007750  _ScibRegs                       
1     00007770  _ScicRegs                       
1     00007900  _I2caRegs                       
1     0000d000  .bss                            
1     0000d000  .data                           
1     0000d000  _PieVectTableInit               
1     0000d000  ___bss__                        
1     0000d000  ___data__                       
1     0000d000  ___edata__                      
1     0000d000  ___end__                        
1     0000d000  edata                           
1     0000d000  end                             
1     0000d104  _Z_OL1_M                        
1     0000d10c  _Z_OL1_P                        
1     0000d13c  _IsrOverrun                     
1     0000d13d  _stopRequested                  
1     0000d13e  _runModel                       
1     0000d13f  _GPIO_oneTimeInit               
1     0000d140  _CpuTimer0                      
1     0000d148  _CpuTimer1                      
1     0000d150  _CpuTimer2                      
1     0000d158  _MW_adcInitFlag                 
1     0000d15c  _Z_OL1_B                        
1     0000d160  _Z_OL1_DW                       
1     0000d168  _rtInf                          
1     0000d16a  _rtMinusInf                     
1     0000d16c  _rtNaN                          
1     0000d16e  _rtInfF                         
1     0000d170  _rtMinusInfF                    
1     0000d172  _rtNaNF                         
1     0000d174  ___TI_enable_exit_profile_output
1     0000d176  ___TI_cleanup_ptr               
1     0000d178  ___TI_dtors_ptr                 
1     0000d17a  __lock                          
1     0000d17c  __unlock                        
1     0000d17e  _MW_InterruptDisableLock        
1     0033fff8  _CsmPwl                         
abs   00000040  __STACK_SIZE                    
abs   ffffffff  .text                           
abs   ffffffff  ___TI_pprof_out_hndl            
abs   ffffffff  ___TI_prof_data_size            
abs   ffffffff  ___TI_prof_data_start           
abs   ffffffff  ___binit__                      
abs   ffffffff  ___c_args__                     
abs   ffffffff  ___etext__                      
abs   ffffffff  ___pinit__                      
abs   ffffffff  ___text__                       
abs   ffffffff  binit                           
abs   ffffffff  etext                           
abs   ffffffff  pinit                           

[248 symbols]
